/home/l057-5n0w/Downloads/i-cube_lrwan/STM32CubeExpansion_LRWAN_V2.1.0/Projects/B-L072Z-LRWAN1/Applications/SubGHz_Phy/SubGHz_Phy_PingPong/Core/Src/stm32_lpm_if.c:79:6:PWR_EnterOffMode	0	static
/home/l057-5n0w/Downloads/i-cube_lrwan/STM32CubeExpansion_LRWAN_V2.1.0/Projects/B-L072Z-LRWAN1/Applications/SubGHz_Phy/SubGHz_Phy_PingPong/Core/Src/stm32_lpm_if.c:93:6:PWR_EnterStopMode	8	static,ignoring_inline_asm
/home/l057-5n0w/Downloads/i-cube_lrwan/STM32CubeExpansion_LRWAN_V2.1.0/Projects/B-L072Z-LRWAN1/Applications/SubGHz_Phy/SubGHz_Phy_PingPong/Core/Src/stm32_lpm_if.c:116:6:PWR_ExitStopMode	8	static,ignoring_inline_asm
/home/l057-5n0w/Downloads/i-cube_lrwan/STM32CubeExpansion_LRWAN_V2.1.0/Projects/B-L072Z-LRWAN1/Applications/SubGHz_Phy/SubGHz_Phy_PingPong/Core/Src/stm32_lpm_if.c:152:6:PWR_EnterSleepMode	8	static
/home/l057-5n0w/Downloads/i-cube_lrwan/STM32CubeExpansion_LRWAN_V2.1.0/Projects/B-L072Z-LRWAN1/Applications/SubGHz_Phy/SubGHz_Phy_PingPong/Core/Src/stm32_lpm_if.c:86:6:PWR_ExitOffMode	0	static
/home/l057-5n0w/Downloads/i-cube_lrwan/STM32CubeExpansion_LRWAN_V2.1.0/Projects/B-L072Z-LRWAN1/Applications/SubGHz_Phy/SubGHz_Phy_PingPong/Core/Src/stm32_lpm_if.c:166:6:PWR_ExitSleepMode	0	static
