/home/l057-5n0w/Downloads/i-cube_lrwan/STM32CubeExpansion_LRWAN_V2.1.0/Drivers/STM32L0xx_HAL_Driver/Src/stm32l0xx_hal_uart_ex.c:148:19:HAL_RS485Ex_Init	24	static
/home/l057-5n0w/Downloads/i-cube_lrwan/STM32CubeExpansion_LRWAN_V2.1.0/Drivers/STM32L0xx_HAL_Driver/Src/stm32l0xx_hal_uart_ex.c:250:13:HAL_UARTEx_WakeupCallback	0	static
/home/l057-5n0w/Downloads/i-cube_lrwan/STM32CubeExpansion_LRWAN_V2.1.0/Drivers/STM32L0xx_HAL_Driver/Src/stm32l0xx_hal_uart_ex.c:330:19:HAL_UARTEx_EnableClockStopMode	0	static
/home/l057-5n0w/Downloads/i-cube_lrwan/STM32CubeExpansion_LRWAN_V2.1.0/Drivers/STM32L0xx_HAL_Driver/Src/stm32l0xx_hal_uart_ex.c:349:19:HAL_UARTEx_DisableClockStopMode	0	static
/home/l057-5n0w/Downloads/i-cube_lrwan/STM32CubeExpansion_LRWAN_V2.1.0/Drivers/STM32L0xx_HAL_Driver/Src/stm32l0xx_hal_uart_ex.c:376:19:HAL_MultiProcessorEx_AddressLength_Set	16	static
/home/l057-5n0w/Downloads/i-cube_lrwan/STM32CubeExpansion_LRWAN_V2.1.0/Drivers/STM32L0xx_HAL_Driver/Src/stm32l0xx_hal_uart_ex.c:414:19:HAL_UARTEx_StopModeWakeUpSourceConfig	40	static
/home/l057-5n0w/Downloads/i-cube_lrwan/STM32CubeExpansion_LRWAN_V2.1.0/Drivers/STM32L0xx_HAL_Driver/Src/stm32l0xx_hal_uart_ex.c:469:19:HAL_UARTEx_EnableStopMode	8	static
/home/l057-5n0w/Downloads/i-cube_lrwan/STM32CubeExpansion_LRWAN_V2.1.0/Drivers/STM32L0xx_HAL_Driver/Src/stm32l0xx_hal_uart_ex.c:488:19:HAL_UARTEx_DisableStopMode	8	static
/home/l057-5n0w/Downloads/i-cube_lrwan/STM32CubeExpansion_LRWAN_V2.1.0/Drivers/STM32L0xx_HAL_Driver/Src/stm32l0xx_hal_uart_ex.c:521:19:HAL_UARTEx_ReceiveToIdle	40	static
/home/l057-5n0w/Downloads/i-cube_lrwan/STM32CubeExpansion_LRWAN_V2.1.0/Drivers/STM32L0xx_HAL_Driver/Src/stm32l0xx_hal_uart_ex.c:659:19:HAL_UARTEx_ReceiveToIdle_IT	16	static
/home/l057-5n0w/Downloads/i-cube_lrwan/STM32CubeExpansion_LRWAN_V2.1.0/Drivers/STM32L0xx_HAL_Driver/Src/stm32l0xx_hal_uart_ex.c:735:19:HAL_UARTEx_ReceiveToIdle_DMA	16	static
