Archive member included to satisfy reference by file (symbol)

/opt/st/stm32cubeide_2.1.1/plugins/com.st.stm32cube.ide.mcu.externaltools.gnu-tools-for-stm32.14.3.rel1.linux64_1.0.100.202602081740/tools/bin/../lib/gcc/arm-none-eabi/14.3.1/../../../../arm-none-eabi/lib/thumb/v6-m/nofp/libc_nano.a(libc_a-exit.o)
                              /opt/st/stm32cubeide_2.1.1/plugins/com.st.stm32cube.ide.mcu.externaltools.gnu-tools-for-stm32.14.3.rel1.linux64_1.0.100.202602081740/tools/bin/../lib/gcc/arm-none-eabi/14.3.1/../../../../arm-none-eabi/lib/thumb/v6-m/nofp/crt0.o (exit)
/opt/st/stm32cubeide_2.1.1/plugins/com.st.stm32cube.ide.mcu.externaltools.gnu-tools-for-stm32.14.3.rel1.linux64_1.0.100.202602081740/tools/bin/../lib/gcc/arm-none-eabi/14.3.1/../../../../arm-none-eabi/lib/thumb/v6-m/nofp/libc_nano.a(libc_a-findfp.o)
                              /opt/st/stm32cubeide_2.1.1/plugins/com.st.stm32cube.ide.mcu.externaltools.gnu-tools-for-stm32.14.3.rel1.linux64_1.0.100.202602081740/tools/bin/../lib/gcc/arm-none-eabi/14.3.1/../../../../arm-none-eabi/lib/thumb/v6-m/nofp/libc_nano.a(libc_a-exit.o) (__stdio_exit_handler)
/opt/st/stm32cubeide_2.1.1/plugins/com.st.stm32cube.ide.mcu.externaltools.gnu-tools-for-stm32.14.3.rel1.linux64_1.0.100.202602081740/tools/bin/../lib/gcc/arm-none-eabi/14.3.1/../../../../arm-none-eabi/lib/thumb/v6-m/nofp/libc_nano.a(libc_a-fwalk.o)
                              /opt/st/stm32cubeide_2.1.1/plugins/com.st.stm32cube.ide.mcu.externaltools.gnu-tools-for-stm32.14.3.rel1.linux64_1.0.100.202602081740/tools/bin/../lib/gcc/arm-none-eabi/14.3.1/../../../../arm-none-eabi/lib/thumb/v6-m/nofp/libc_nano.a(libc_a-findfp.o) (_fwalk_sglue)
/opt/st/stm32cubeide_2.1.1/plugins/com.st.stm32cube.ide.mcu.externaltools.gnu-tools-for-stm32.14.3.rel1.linux64_1.0.100.202602081740/tools/bin/../lib/gcc/arm-none-eabi/14.3.1/../../../../arm-none-eabi/lib/thumb/v6-m/nofp/libc_nano.a(libc_a-stdio.o)
                              /opt/st/stm32cubeide_2.1.1/plugins/com.st.stm32cube.ide.mcu.externaltools.gnu-tools-for-stm32.14.3.rel1.linux64_1.0.100.202602081740/tools/bin/../lib/gcc/arm-none-eabi/14.3.1/../../../../arm-none-eabi/lib/thumb/v6-m/nofp/libc_nano.a(libc_a-findfp.o) (__sread)
/opt/st/stm32cubeide_2.1.1/plugins/com.st.stm32cube.ide.mcu.externaltools.gnu-tools-for-stm32.14.3.rel1.linux64_1.0.100.202602081740/tools/bin/../lib/gcc/arm-none-eabi/14.3.1/../../../../arm-none-eabi/lib/thumb/v6-m/nofp/libc_nano.a(libc_a-memset.o)
                              /opt/st/stm32cubeide_2.1.1/plugins/com.st.stm32cube.ide.mcu.externaltools.gnu-tools-for-stm32.14.3.rel1.linux64_1.0.100.202602081740/tools/bin/../lib/gcc/arm-none-eabi/14.3.1/../../../../arm-none-eabi/lib/thumb/v6-m/nofp/crt0.o (memset)
/opt/st/stm32cubeide_2.1.1/plugins/com.st.stm32cube.ide.mcu.externaltools.gnu-tools-for-stm32.14.3.rel1.linux64_1.0.100.202602081740/tools/bin/../lib/gcc/arm-none-eabi/14.3.1/../../../../arm-none-eabi/lib/thumb/v6-m/nofp/libc_nano.a(libc_a-closer.o)
                              /opt/st/stm32cubeide_2.1.1/plugins/com.st.stm32cube.ide.mcu.externaltools.gnu-tools-for-stm32.14.3.rel1.linux64_1.0.100.202602081740/tools/bin/../lib/gcc/arm-none-eabi/14.3.1/../../../../arm-none-eabi/lib/thumb/v6-m/nofp/libc_nano.a(libc_a-stdio.o) (_close_r)
/opt/st/stm32cubeide_2.1.1/plugins/com.st.stm32cube.ide.mcu.externaltools.gnu-tools-for-stm32.14.3.rel1.linux64_1.0.100.202602081740/tools/bin/../lib/gcc/arm-none-eabi/14.3.1/../../../../arm-none-eabi/lib/thumb/v6-m/nofp/libc_nano.a(libc_a-reent.o)
                              /opt/st/stm32cubeide_2.1.1/plugins/com.st.stm32cube.ide.mcu.externaltools.gnu-tools-for-stm32.14.3.rel1.linux64_1.0.100.202602081740/tools/bin/../lib/gcc/arm-none-eabi/14.3.1/../../../../arm-none-eabi/lib/thumb/v6-m/nofp/libc_nano.a(libc_a-closer.o) (errno)
/opt/st/stm32cubeide_2.1.1/plugins/com.st.stm32cube.ide.mcu.externaltools.gnu-tools-for-stm32.14.3.rel1.linux64_1.0.100.202602081740/tools/bin/../lib/gcc/arm-none-eabi/14.3.1/../../../../arm-none-eabi/lib/thumb/v6-m/nofp/libc_nano.a(libc_a-impure.o)
                              /opt/st/stm32cubeide_2.1.1/plugins/com.st.stm32cube.ide.mcu.externaltools.gnu-tools-for-stm32.14.3.rel1.linux64_1.0.100.202602081740/tools/bin/../lib/gcc/arm-none-eabi/14.3.1/../../../../arm-none-eabi/lib/thumb/v6-m/nofp/libc_nano.a(libc_a-reent.o) (_impure_ptr)
/opt/st/stm32cubeide_2.1.1/plugins/com.st.stm32cube.ide.mcu.externaltools.gnu-tools-for-stm32.14.3.rel1.linux64_1.0.100.202602081740/tools/bin/../lib/gcc/arm-none-eabi/14.3.1/../../../../arm-none-eabi/lib/thumb/v6-m/nofp/libc_nano.a(libc_a-lseekr.o)
                              /opt/st/stm32cubeide_2.1.1/plugins/com.st.stm32cube.ide.mcu.externaltools.gnu-tools-for-stm32.14.3.rel1.linux64_1.0.100.202602081740/tools/bin/../lib/gcc/arm-none-eabi/14.3.1/../../../../arm-none-eabi/lib/thumb/v6-m/nofp/libc_nano.a(libc_a-stdio.o) (_lseek_r)
[...]
Memory Configuration

Name             Origin             Length             Attributes
FLASH            0x08000000         0x00030000         xr
RAM              0x20000000         0x00005000         xrw
*default*        0x00000000         0xffffffff

Linker script and memory map

LOAD /opt/st/stm32cubeide_2.1.1/plugins/com.st.stm32cube.ide.mcu.externaltools.gnu-tools-for-stm32.14.3.rel1.linux64_1.0.100.202602081740/tools/bin/../lib/gcc/arm-none-eabi/14.3.1/thumb/v6-m/nofp/crti.o
LOAD /opt/st/stm32cubeide_2.1.1/plugins/com.st.stm32cube.ide.mcu.externaltools.gnu-tools-for-stm32.14.3.rel1.linux64_1.0.100.202602081740/tools/bin/../lib/gcc/arm-none-eabi/14.3.1/thumb/v6-m/nofp/crtbegin.o
LOAD /opt/st/stm32cubeide_2.1.1/plugins/com.st.stm32cube.ide.mcu.externaltools.gnu-tools-for-stm32.14.3.rel1.linux64_1.0.100.202602081740/tools/bin/../lib/gcc/arm-none-eabi/14.3.1/../../../../arm-none-eabi/lib/thumb/v6-m/nofp/crt0.o
LOAD ./Application/App/app_subghz_phy.o
LOAD ./Application/App/subghz_phy_app.o
LOAD ./Application/Core/dma.o
LOAD ./Application/Core/main.o
LOAD ./Application/Core/rtc.o
LOAD ./Application/Core/rtc_if.o
LOAD ./Application/Core/stm32_lpm_if.o
LOAD ./Application/Core/stm32l0xx_hal_msp.o
LOAD ./Application/Core/stm32l0xx_it.o
LOAD ./Application/Core/sys_app.o
LOAD ./Application/Core/sys_debug.o
LOAD ./Application/Core/usart.o
LOAD ./Application/Core/usart_if.o
LOAD ./Application/SW4STM32/startup_stm32l072xx.o
LOAD ./Application/SW4STM32/syscalls.o
LOAD ./Application/Target/b_l072z_lrwan1_bus.o
LOAD ./Drivers/BSP/B-L072Z-LRWAN1/b-l072z-lrwan1.o
LOAD ./Drivers/BSP/CMWX1ZZABZ_0xx/cmwx1zzabz_0xx.o
LOAD ./Drivers/CMSIS/system_stm32l0xx.o
LOAD ./Drivers/STM32L0xx_HAL_Driver/stm32l0xx_hal.o
LOAD ./Drivers/STM32L0xx_HAL_Driver/stm32l0xx_hal_adc.o
LOAD ./Drivers/STM32L0xx_HAL_Driver/stm32l0xx_hal_adc_ex.o
LOAD ./Drivers/STM32L0xx_HAL_Driver/stm32l0xx_hal_cortex.o
LOAD ./Drivers/STM32L0xx_HAL_Driver/stm32l0xx_hal_dma.o
LOAD ./Drivers/STM32L0xx_HAL_Driver/stm32l0xx_hal_exti.o
LOAD ./Drivers/STM32L0xx_HAL_Driver/stm32l0xx_hal_gpio.o
LOAD ./Drivers/STM32L0xx_HAL_Driver/stm32l0xx_hal_i2c.o
LOAD ./Drivers/STM32L0xx_HAL_Driver/stm32l0xx_hal_pwr.o
LOAD ./Drivers/STM32L0xx_HAL_Driver/stm32l0xx_hal_pwr_ex.o
LOAD ./Drivers/STM32L0xx_HAL_Driver/stm32l0xx_hal_rcc.o
LOAD ./Drivers/STM32L0xx_HAL_Driver/stm32l0xx_hal_rcc_ex.o
LOAD ./Drivers/STM32L0xx_HAL_Driver/stm32l0xx_hal_rtc.o
LOAD ./Drivers/STM32L0xx_HAL_Driver/stm32l0xx_hal_rtc_ex.o
LOAD ./Drivers/STM32L0xx_HAL_Driver/stm32l0xx_hal_spi.o
LOAD ./Drivers/STM32L0xx_HAL_Driver/stm32l0xx_hal_tim.o
LOAD ./Drivers/STM32L0xx_HAL_Driver/stm32l0xx_hal_tim_ex.o
LOAD ./Drivers/STM32L0xx_HAL_Driver/stm32l0xx_hal_uart.o
LOAD ./Drivers/STM32L0xx_HAL_Driver/stm32l0xx_hal_uart_ex.o
LOAD ./Middlewares/SubGHz_Phy/sx1276.o
LOAD ./Utilities/stm32_adv_trace.o
LOAD ./Utilities/stm32_lpm.o
LOAD ./Utilities/stm32_mem.o
LOAD ./Utilities/stm32_seq.o
LOAD ./Utilities/stm32_systime.o
LOAD ./Utilities/stm32_timer.o
LOAD ./Utilities/stm32_tiny_vsnprintf.o
START GROUP
LOAD /opt/st/stm32cubeide_2.1.1/plugins/com.st.stm32cube.ide.mcu.externaltools.gnu-tools-for-stm32.14.3.rel1.linux64_1.0.100.202602081740/tools/bin/../lib/gcc/arm-none-eabi/14.3.1/../../../../arm-none-eabi/lib/thumb/v6-m/nofp/libc_nano.a
LOAD /opt/st/stm32cubeide_2.1.1/plugins/com.st.stm32cube.ide.mcu.externaltools.gnu-tools-for-stm32.14.3.rel1.linux64_1.0.100.202602081740/tools/bin/../lib/gcc/arm-none-eabi/14.3.1/../../../../arm-none-eabi/lib/thumb/v6-m/nofp/libm.a
END GROUP
START GROUP
LOAD /opt/st/stm32cubeide_2.1.1/plugins/com.st.stm32cube.ide.mcu.externaltools.gnu-tools-for-stm32.14.3.rel1.linux64_1.0.100.202602081740/tools/bin/../lib/gcc/arm-none-eabi/14.3.1/thumb/v6-m/nofp/libgcc.a
LOAD /opt/st/stm32cubeide_2.1.1/plugins/com.st.stm32cube.ide.mcu.externaltools.gnu-tools-for-stm32.14.3.rel1.linux64_1.0.100.202602081740/tools/bin/../lib/gcc/arm-none-eabi/14.3.1/../../../../arm-none-eabi/lib/thumb/v6-m/nofp/libc_nano.a
END GROUP
START GROUP
LOAD /opt/st/stm32cubeide_2.1.1/plugins/com.st.stm32cube.ide.mcu.externaltools.gnu-tools-for-stm32.14.3.rel1.linux64_1.0.100.202602081740/tools/bin/../lib/gcc/arm-none-eabi/14.3.1/thumb/v6-m/nofp/libgcc.a
LOAD /opt/st/stm32cubeide_2.1.1/plugins/com.st.stm32cube.ide.mcu.externaltools.gnu-tools-for-stm32.14.3.rel1.linux64_1.0.100.202602081740/tools/bin/../lib/gcc/arm-none-eabi/14.3.1/../../../../arm-none-eabi/lib/thumb/v6-m/nofp/libc_nano.a
LOAD /opt/st/stm32cubeide_2.1.1/plugins/com.st.stm32cube.ide.mcu.externaltools.gnu-tools-for-stm32.14.3.rel1.linux64_1.0.100.202602081740/tools/bin/../lib/gcc/arm-none-eabi/14.3.1/../../../../arm-none-eabi/lib/thumb/v6-m/nofp/libnosys.a
END GROUP
START GROUP
LOAD /opt/st/stm32cubeide_2.1.1/plugins/com.st.stm32cube.ide.mcu.externaltools.gnu-tools-for-stm32.14.3.rel1.linux64_1.0.100.202602081740/tools/bin/../lib/gcc/arm-none-eabi/14.3.1/thumb/v6-m/nofp/libgcc.a
LOAD /opt/st/stm32cubeide_2.1.1/plugins/com.st.stm32cube.ide.mcu.externaltools.gnu-tools-for-stm32.14.3.rel1.linux64_1.0.100.202602081740/tools/bin/../lib/gcc/arm-none-eabi/14.3.1/../../../../arm-none-eabi/lib/thumb/v6-m/nofp/libc_nano.a
LOAD /opt/st/stm32cubeide_2.1.1/plugins/com.st.stm32cube.ide.mcu.externaltools.gnu-tools-for-stm32.14.3.rel1.linux64_1.0.100.202602081740/tools/bin/../lib/gcc/arm-none-eabi/14.3.1/../../../../arm-none-eabi/lib/thumb/v6-m/nofp/libnosys.a
END GROUP
LOAD /opt/st/stm32cubeide_2.1.1/plugins/com.st.stm32cube.ide.mcu.externaltools.gnu-tools-for-stm32.14.3.rel1.linux64_1.0.100.202602081740/tools/bin/../lib/gcc/arm-none-eabi/14.3.1/thumb/v6-m/nofp/crtend.o
LOAD /opt/st/stm32cubeide_2.1.1/plugins/com.st.stm32cube.ide.mcu.externaltools.gnu-tools-for-stm32.14.3.rel1.linux64_1.0.100.202602081740/tools/bin/../lib/gcc/arm-none-eabi/14.3.1/thumb/v6-m/nofp/crtn.o
                0x20005000                        _estack = 0x20005000
                0x00000200                        _Min_Heap_Size = 0x200
                0x00000400                        _Min_Stack_Size = 0x400

.isr_vector     0x08000000       0xc0
                0x08000000                        . = ALIGN (0x4)
 *(.isr_vector)
 .isr_vector    0x08000000       0xc0 ./Application/SW4STM32/startup_stm32l072xx.o
                0x08000000                g_pfnVectors
                0x080000c0                        . = ALIGN (0x4)

.text           0x080000c0     0x6138
                0x080000c0                        . = ALIGN (0x4)
 *(.text)
 .text          0x080000c0       0x48 /opt/st/stm32cubeide_2.1.1/plugins/com.st.stm32cube.ide.mcu.externaltools.gnu-tools-for-stm32.14.3.rel1.linux64_1.0.100.202602081740/tools/bin/../lib/gcc/arm-none-eabi/14.3.1/thumb/v6-m/nofp/crtbegin.o
 .text          0x08000108        0xe /opt/st/stm32cubeide_2.1.1/plugins/com.st.stm32cube.ide.mcu.externaltools.gnu-tools-for-stm32.14.3.rel1.linux64_1.0.100.202602081740/tools/bin/../lib/gcc/arm-none-eabi/14.3.1/../../../../arm-none-eabi/lib/thumb/v6-m/nofp/libc_nano.a(libc_a-strlen.o)
                0x08000108                strlen
 *fill*         0x08000116        0x2 
 .text          0x08000118       0x14 /opt/st/stm32cubeide_2.1.1/plugins/com.st.stm32cube.ide.mcu.externaltools.gnu-tools-for-stm32.14.3.rel1.linux64_1.0.100.202602081740/tools/bin/../lib/gcc/arm-none-eabi/14.3.1/thumb/v6-m/nofp/libgcc.a(_thumb1_case_uqi.o)
                0x08000118                __gnu_thumb1_case_uqi
 .text          0x0800012c      0x114 /opt/st/stm32cubeide_2.1.1/plugins/com.st.stm32cube.ide.mcu.externaltools.gnu-tools-for-stm32.14.3.rel1.linux64_1.0.100.202602081740/tools/bin/../lib/gcc/arm-none-eabi/14.3.1/thumb/v6-m/nofp/libgcc.a(_udivsi3.o)
                0x0800012c                __udivsi3
                0x0800012c                __aeabi_uidiv
                0x08000238                __aeabi_uidivmod
 .text          0x08000240      0x1d4 /opt/st/stm32cubeide_2.1.1/plugins/com.st.stm32cube.ide.mcu.externaltools.gnu-tools-for-stm32.14.3.rel1.linux64_1.0.100.202602081740/tools/bin/../lib/gcc/arm-none-eabi/14.3.1/thumb/v6-m/nofp/libgcc.a(_divsi3.o)
                0x08000240                __aeabi_idiv
                0x08000240                __divsi3
                0x0800040c                __aeabi_idivmod
 .text          0x08000414        0x4 /opt/st/stm32cubeide_2.1.1/plugins/com.st.stm32cube.ide.mcu.externaltools.gnu-tools-for-stm32.14.3.rel1.linux64_1.0.100.202602081740/tools/bin/../lib/gcc/arm-none-eabi/14.3.1/thumb/v6-m/nofp/libgcc.a(_dvmd_tls.o)
                0x08000414                __aeabi_ldiv0
                0x08000414                __aeabi_idiv0
 .text          0x08000418       0x40 /opt/st/stm32cubeide_2.1.1/plugins/com.st.stm32cube.ide.mcu.externaltools.gnu-tools-for-stm32.14.3.rel1.linux64_1.0.100.202602081740/tools/bin/../lib/gcc/arm-none-eabi/14.3.1/thumb/v6-m/nofp/libgcc.a(_aeabi_uldivmod.o)
                0x08000418                __aeabi_uldivmod
 .text          0x08000458       0x5c /opt/st/stm32cubeide_2.1.1/plugins/com.st.stm32cube.ide.mcu.externaltools.gnu-tools-for-stm32.14.3.rel1.linux64_1.0.100.202602081740/tools/bin/../lib/gcc/arm-none-eabi/14.3.1/thumb/v6-m/nofp/libgcc.a(_muldi3.o)
                0x08000458                __aeabi_lmul
                0x08000458                __muldi3
 .text          0x080004b4      0x198 /opt/st/stm32cubeide_2.1.1/plugins/com.st.stm32cube.ide.mcu.externaltools.gnu-tools-for-stm32.14.3.rel1.linux64_1.0.100.202602081740/tools/bin/../lib/gcc/arm-none-eabi/14.3.1/thumb/v6-m/nofp/libgcc.a(_udivmoddi4.o)
                0x080004b4                __udivmoddi4
 .text          0x0800064c       0x18 /opt/st/stm32cubeide_2.1.1/plugins/com.st.stm32cube.ide.mcu.externaltools.gnu-tools-for-stm32.14.3.rel1.linux64_1.0.100.202602081740/tools/bin/../lib/gcc/arm-none-eabi/14.3.1/thumb/v6-m/nofp/libgcc.a(_clzdi2.o)
                0x0800064c                __clzdi2
 .text          0x08000664       0x3c /opt/st/stm32cubeide_2.1.1/plugins/com.st.stm32cube.ide.mcu.externaltools.gnu-tools-for-stm32.14.3.rel1.linux64_1.0.100.202602081740/tools/bin/../lib/gcc/arm-none-eabi/14.3.1/thumb/v6-m/nofp/libgcc.a(_clzsi2.o)
                0x08000664                __clzsi2
 *(.text*)
 .text.MX_SubGHz_Phy_Init
                0x080006a0        0xc ./Application/App/app_subghz_phy.o
                0x080006a0                MX_SubGHz_Phy_Init
 .text.MX_SubGHz_Phy_Process
                0x080006ac        0xc ./Application/App/app_subghz_phy.o
                0x080006ac                MX_SubGHz_Phy_Process
 .text.PingPong_Process
                0x080006b8       0x50 ./Application/App/subghz_phy_app.o
 .text.OnRxError
                0x08000708       0x1c ./Application/App/subghz_phy_app.o
 .text.OnRxTimeout
                0x08000724       0x1c ./Application/App/subghz_phy_app.o
 .text.OnTxTimeout
                0x08000740       0x1c ./Application/App/subghz_phy_app.o
 .text.OnRxDone
                0x0800075c       0xbc ./Application/App/subghz_phy_app.o
 .text.OnTxDone
                0x08000818       0x1c ./Application/App/subghz_phy_app.o
 .text.OnledEvent
                0x08000834       0x1c ./Application/App/subghz_phy_app.o
 .text.SubghzApp_Init
                0x08000850      0x19c ./Application/App/subghz_phy_app.o
                0x08000850                SubghzApp_Init
 .text.MX_DMA_Init
                0x080009ec       0x2c ./Application/Core/dma.o
                0x080009ec                MX_DMA_Init
 .text.SystemClock_Config
                0x08000a18       0x98 ./Application/Core/main.o
                0x08000a18                SystemClock_Config
 .text.startup.main
                0x08000ab0       0x14 ./Application/Core/main.o
                0x08000ab0                main
 .text.Error_Handler
                0x08000ac4        0x4 ./Application/Core/main.o
                0x08000ac4                Error_Handler
 .text.MX_RTC_Init
                0x08000ac8       0xc0 ./Application/Core/rtc.o
                0x08000ac8                MX_RTC_Init
 .text.HAL_RTC_MspInit
                0x08000b88       0x58 ./Application/Core/rtc.o
                0x08000b88                HAL_RTC_MspInit
 .text.RTC_IF_GetTimerContext
                0x08000be0        0xc ./Application/Core/rtc_if.o
                0x08000be0                RTC_IF_GetTimerContext
 .text.RTC_IF_GetMinimumTimeout
                0x08000bec        0x4 ./Application/Core/rtc_if.o
                0x08000bec                RTC_IF_GetMinimumTimeout
 .text.RTC_IF_Convert_ms2Tick
                0x08000bf0       0x10 ./Application/Core/rtc_if.o
                0x08000bf0                RTC_IF_Convert_ms2Tick
 .text.RTC_IF_Convert_Tick2ms
                0x08000c00       0x14 ./Application/Core/rtc_if.o
                0x08000c00                RTC_IF_Convert_Tick2ms
 .text.RTC_IF_StopTimer
                0x08000c14       0x24 ./Application/Core/rtc_if.o
                0x08000c14                RTC_IF_StopTimer
 .text.RTC_GetCalendarValue
                0x08000c38       0xb4 ./Application/Core/rtc_if.o
 .text.RTC_IF_SetTimerContext
                0x08000cec       0x1c ./Application/Core/rtc_if.o
                0x08000cec                RTC_IF_SetTimerContext
 .text.RTC_IF_GetTimerElapsedTime
                0x08000d08       0x18 ./Application/Core/rtc_if.o
                0x08000d08                RTC_IF_GetTimerElapsedTime
 .text.RTC_IF_StartTimer
                0x08000d20      0x138 ./Application/Core/rtc_if.o
                0x08000d20                RTC_IF_StartTimer
 .text.RTC_IF_GetTime
                0x08000e58       0x28 ./Application/Core/rtc_if.o
                0x08000e58                RTC_IF_GetTime
 .text.RTC_IF_BkUp_Write_Seconds
                0x08000e80       0x14 ./Application/Core/rtc_if.o
                0x08000e80                RTC_IF_BkUp_Write_Seconds
 .text.RTC_IF_BkUp_Write_SubSeconds
                0x08000e94       0x14 ./Application/Core/rtc_if.o
                0x08000e94                RTC_IF_BkUp_Write_SubSeconds
 .text.RTC_IF_BkUp_Read_Seconds
                0x08000ea8       0x10 ./Application/Core/rtc_if.o
                0x08000ea8                RTC_IF_BkUp_Read_Seconds
 .text.RTC_IF_BkUp_Read_SubSeconds
                0x08000eb8       0x10 ./Application/Core/rtc_if.o
                0x08000eb8                RTC_IF_BkUp_Read_SubSeconds
 .text.RTC_IF_Init
                0x08000ec8       0x50 ./Application/Core/rtc_if.o
                0x08000ec8                RTC_IF_Init
 .text.RTC_IF_GetTimerValue
                0x08000f18       0x1c ./Application/Core/rtc_if.o
                0x08000f18                RTC_IF_GetTimerValue
 .text.RTC_IF_DelayMs
                0x08000f34       0x26 ./Application/Core/rtc_if.o
                0x08000f34                RTC_IF_DelayMs
 .text.HAL_RTC_AlarmAEventCallback
                0x08000f5a        0x8 ./Application/Core/rtc_if.o
                0x08000f5a                HAL_RTC_AlarmAEventCallback
 .text.PWR_EnterOffMode
                0x08000f62        0x2 ./Application/Core/stm32_lpm_if.o
                0x08000f62                PWR_EnterOffMode
 .text.PWR_EnterStopMode
                0x08000f64       0x28 ./Application/Core/stm32_lpm_if.o
                0x08000f64                PWR_EnterStopMode
 .text.PWR_ExitStopMode
                0x08000f8c       0x50 ./Application/Core/stm32_lpm_if.o
                0x08000f8c                PWR_ExitStopMode
 .text.PWR_EnterSleepMode
                0x08000fdc        0xc ./Application/Core/stm32_lpm_if.o
                0x08000fdc                PWR_EnterSleepMode
 .text.PWR_ExitOffMode
                0x08000fe8        0x2 ./Application/Core/stm32_lpm_if.o
                0x08000fe8                PWR_ExitOffMode
 .text.PWR_ExitSleepMode
                0x08000fea        0x2 ./Application/Core/stm32_lpm_if.o
                0x08000fea                PWR_ExitSleepMode
 .text.HAL_MspInit
                0x08000fec       0x30 ./Application/Core/stm32l0xx_hal_msp.o
                0x08000fec                HAL_MspInit
 .text.NMI_Handler
                0x0800101c        0x2 ./Application/Core/stm32l0xx_it.o
                0x0800101c                NMI_Handler
 .text.HardFault_Handler
                0x0800101e        0x2 ./Application/Core/stm32l0xx_it.o
                0x0800101e                HardFault_Handler
 .text.SVC_Handler
                0x08001020        0x2 ./Application/Core/stm32l0xx_it.o
                0x08001020                SVC_Handler
 .text.PendSV_Handler
                0x08001022        0x2 ./Application/Core/stm32l0xx_it.o
                0x08001022                PendSV_Handler
 .text.SysTick_Handler
                0x08001024        0x8 ./Application/Core/stm32l0xx_it.o
                0x08001024                SysTick_Handler
 .text.EXTI0_1_IRQHandler
                0x0800102c       0x18 ./Application/Core/stm32l0xx_it.o
                0x0800102c                EXTI0_1_IRQHandler
 .text.EXTI2_3_IRQHandler
                0x08001044        0x2 ./Application/Core/stm32l0xx_it.o
                0x08001044                EXTI2_3_IRQHandler
 *fill*         0x08001046        0x2 
 .text.EXTI4_15_IRQHandler
                0x08001048       0x18 ./Application/Core/stm32l0xx_it.o
                0x08001048                EXTI4_15_IRQHandler
 .text.DMA1_Channel4_5_6_7_IRQHandler
                0x08001060       0x10 ./Application/Core/stm32l0xx_it.o
                0x08001060                DMA1_Channel4_5_6_7_IRQHandler
 .text.USART2_IRQHandler
                0x08001070       0x10 ./Application/Core/stm32l0xx_it.o
                0x08001070                USART2_IRQHandler
 .text.RTC_IRQHandler
                0x08001080       0x10 ./Application/Core/stm32l0xx_it.o
                0x08001080                RTC_IRQHandler
 .text.tiny_snprintf_like.constprop.0
                0x08001090       0x1c ./Application/Core/sys_app.o
 .text.TimestampNow
                0x080010ac       0x30 ./Application/Core/sys_app.o
 .text.SystemApp_Init
                0x080010dc       0xe8 ./Application/Core/sys_app.o
                0x080010dc                SystemApp_Init
 .text.UTIL_SEQ_Idle
                0x080011c4        0x8 ./Application/Core/sys_app.o
                0x080011c4                UTIL_SEQ_Idle
 .text.UTIL_ADV_TRACE_PreSendHook
                0x080011cc        0xc ./Application/Core/sys_app.o
                0x080011cc                UTIL_ADV_TRACE_PreSendHook
 .text.UTIL_ADV_TRACE_PostSendHook
                0x080011d8        0xc ./Application/Core/sys_app.o
                0x080011d8                UTIL_ADV_TRACE_PostSendHook
 .text.HAL_InitTick
                0x080011e4        0x4 ./Application/Core/sys_app.o
                0x080011e4                HAL_InitTick
 .text.HAL_GetTick
                0x080011e8        0x8 ./Application/Core/sys_app.o
                0x080011e8                HAL_GetTick
 .text.HAL_Delay
                0x080011f0        0xc ./Application/Core/sys_app.o
                0x080011f0                HAL_Delay
 .text.DBG_ConfigForLpm
                0x080011fc       0x2c ./Application/Core/sys_debug.o
                0x080011fc                DBG_ConfigForLpm
 .text.DBG_Disable
                0x08001228       0x44 ./Application/Core/sys_debug.o
                0x08001228                DBG_Disable
 .text.DBG_ProbesInit
                0x0800126c        0x2 ./Application/Core/sys_debug.o
                0x0800126c                DBG_ProbesInit
 *fill*         0x0800126e        0x2 
 .text.MX_USART2_UART_Init
                0x08001270       0x34 ./Application/Core/usart.o
                0x08001270                MX_USART2_UART_Init
 .text.HAL_UART_MspInit
                0x080012a4      0x108 ./Application/Core/usart.o
                0x080012a4                HAL_UART_MspInit
 .text.HAL_UART_MspDeInit
                0x080013ac       0x3c ./Application/Core/usart.o
                0x080013ac                HAL_UART_MspDeInit
 .text.vcom_Init
                0x080013e8       0x18 ./Application/Core/usart_if.o
                0x080013e8                vcom_Init
 .text.vcom_DeInit
                0x08001400       0x34 ./Application/Core/usart_if.o
                0x08001400                vcom_DeInit
 .text.vcom_Trace_DMA
                0x08001434       0x18 ./Application/Core/usart_if.o
                0x08001434                vcom_Trace_DMA
 .text.vcom_ReceiveInit
                0x0800144c       0x50 ./Application/Core/usart_if.o
                0x0800144c                vcom_ReceiveInit
 .text.HAL_UART_TxCpltCallback
                0x0800149c       0x10 ./Application/Core/usart_if.o
                0x0800149c                HAL_UART_TxCpltCallback
 .text.HAL_UART_RxCpltCallback
                0x080014ac       0x30 ./Application/Core/usart_if.o
                0x080014ac                HAL_UART_RxCpltCallback
 .text.Reset_Handler
                0x080014dc       0x50 ./Application/SW4STM32/startup_stm32l072xx.o
                0x080014dc                Reset_Handler
 .text.Default_Handler
                0x0800152c        0x2 ./Application/SW4STM32/startup_stm32l072xx.o
                0x0800152c                TSC_IRQHandler
                0x0800152c                ADC1_COMP_IRQHandler
                0x0800152c                PVD_IRQHandler
                0x0800152c                I2C1_IRQHandler
                0x0800152c                RCC_CRS_IRQHandler
                0x0800152c                SPI1_IRQHandler
                0x0800152c                TIM6_DAC_IRQHandler
                0x0800152c                I2C2_IRQHandler
                0x0800152c                TIM3_IRQHandler
                0x0800152c                DMA1_Channel1_IRQHandler
                0x0800152c                USART4_5_IRQHandler
                0x0800152c                Default_Handler
                0x0800152c                TIM22_IRQHandler
                0x0800152c                TIM7_IRQHandler
                0x0800152c                USB_IRQHandler
                0x0800152c                I2C3_IRQHandler
                0x0800152c                SPI2_IRQHandler
                0x0800152c                TIM21_IRQHandler
                0x0800152c                WWDG_IRQHandler
                0x0800152c                TIM2_IRQHandler
                0x0800152c                DMA1_Channel2_3_IRQHandler
                0x0800152c                FLASH_IRQHandler
                0x0800152c                USART1_IRQHandler
                0x0800152c                RNG_LPUART1_IRQHandler
                0x0800152c                LPTIM1_IRQHandler
 *fill*         0x0800152e        0x2 
 .text.BSP_SPI1_SendRecv
                0x08001530       0x2c ./Application/Target/b_l072z_lrwan1_bus.o
                0x08001530                BSP_SPI1_SendRecv
 .text.MX_SPI1_Init
                0x0800155c       0x60 ./Application/Target/b_l072z_lrwan1_bus.o
                0x0800155c                MX_SPI1_Init
 .text.BSP_SPI1_Init
                0x080015bc       0x80 ./Application/Target/b_l072z_lrwan1_bus.o
                0x080015bc                BSP_SPI1_Init
 .text.BSP_LED_Init
                0x0800163c       0x84 ./Drivers/BSP/B-L072Z-LRWAN1/b-l072z-lrwan1.o
                0x0800163c                BSP_LED_Init
 .text.BSP_LED_Toggle
                0x080016c0       0x1c ./Drivers/BSP/B-L072Z-LRWAN1/b-l072z-lrwan1.o
                0x080016c0                BSP_LED_Toggle
 .text.CMWX1ZZABZ0XX_RADIO_GetWakeUpTime
                0x080016dc        0x4 ./Drivers/BSP/CMWX1ZZABZ_0xx/cmwx1zzabz_0xx.o
                0x080016dc                CMWX1ZZABZ0XX_RADIO_GetWakeUpTime
 .text.CMWX1ZZABZ0XX_RADIO_SetXO
                0x080016e0       0x2c ./Drivers/BSP/CMWX1ZZABZ_0xx/cmwx1zzabz_0xx.o
                0x080016e0                CMWX1ZZABZ0XX_RADIO_SetXO
 .text.CMWX1ZZABZ0XX_RADIO_IoInit
                0x0800170c      0x1ac ./Drivers/BSP/CMWX1ZZABZ_0xx/cmwx1zzabz_0xx.o
                0x0800170c                CMWX1ZZABZ0XX_RADIO_IoInit
 .text.CMWX1ZZABZ0XX_RADIO_IoDeInit
                0x080018b8       0xb0 ./Drivers/BSP/CMWX1ZZABZ_0xx/cmwx1zzabz_0xx.o
                0x080018b8                CMWX1ZZABZ0XX_RADIO_IoDeInit
 .text.CMWX1ZZABZ0XX_RADIO_IoIrqInit
                0x08001968       0x5c ./Drivers/BSP/CMWX1ZZABZ_0xx/cmwx1zzabz_0xx.o
                0x08001968                CMWX1ZZABZ0XX_RADIO_IoIrqInit
 .text.CMWX1ZZABZ0XX_RADIO_GetPaSelect
                0x080019c4        0x4 ./Drivers/BSP/CMWX1ZZABZ_0xx/cmwx1zzabz_0xx.o
                0x080019c4                CMWX1ZZABZ0XX_RADIO_GetPaSelect
 .text.CMWX1ZZABZ0XX_RADIO_SetAntSw
                0x080019c8       0x4c ./Drivers/BSP/CMWX1ZZABZ_0xx/cmwx1zzabz_0xx.o
                0x080019c8                CMWX1ZZABZ0XX_RADIO_SetAntSw
 .text.CMWX1ZZABZ0XX_RADIO_CheckRfFrequency
                0x08001a14        0x4 ./Drivers/BSP/CMWX1ZZABZ_0xx/cmwx1zzabz_0xx.o
                0x08001a14                CMWX1ZZABZ0XX_RADIO_CheckRfFrequency
 .text.CMWX1ZZABZ0XX_RADIO_Reset
                0x08001a18       0x4c ./Drivers/BSP/CMWX1ZZABZ_0xx/cmwx1zzabz_0xx.o
                0x08001a18                CMWX1ZZABZ0XX_RADIO_Reset
 .text.CMWX1ZZABZ0XX_RADIO_Bus_Init
                0x08001a64        0x8 ./Drivers/BSP/CMWX1ZZABZ_0xx/cmwx1zzabz_0xx.o
                0x08001a64                CMWX1ZZABZ0XX_RADIO_Bus_Init
 .text.CMWX1ZZABZ0XX_RADIO_SendRecv
                0x08001a6c       0x1c ./Drivers/BSP/CMWX1ZZABZ_0xx/cmwx1zzabz_0xx.o
                0x08001a6c                CMWX1ZZABZ0XX_RADIO_SendRecv
 .text.CMWX1ZZABZ0XX_RADIO_ChipSelect
                0x08001a88       0x1a ./Drivers/BSP/CMWX1ZZABZ_0xx/cmwx1zzabz_0xx.o
                0x08001a88                CMWX1ZZABZ0XX_RADIO_ChipSelect
 *fill*         0x08001aa2        0x2 
 .text.CMWX1ZZABZ0XX_RADIO_GetDio1PinState
                0x08001aa4       0x10 ./Drivers/BSP/CMWX1ZZABZ_0xx/cmwx1zzabz_0xx.o
                0x08001aa4                CMWX1ZZABZ0XX_RADIO_GetDio1PinState
 .text.SystemInit
                0x08001ab4       0x5c ./Drivers/CMSIS/system_stm32l0xx.o
                0x08001ab4                SystemInit
 .text.HAL_Init
                0x08001b10       0x28 ./Drivers/STM32L0xx_HAL_Driver/stm32l0xx_hal.o
                0x08001b10                HAL_Init
 .text.HAL_IncTick
                0x08001b38       0x18 ./Drivers/STM32L0xx_HAL_Driver/stm32l0xx_hal.o
                0x08001b38                HAL_IncTick
 .text.HAL_DBGMCU_DisableDBGSleepMode
                0x08001b50       0x10 ./Drivers/STM32L0xx_HAL_Driver/stm32l0xx_hal.o
                0x08001b50                HAL_DBGMCU_DisableDBGSleepMode
 .text.HAL_DBGMCU_DisableDBGStopMode
                0x08001b60       0x10 ./Drivers/STM32L0xx_HAL_Driver/stm32l0xx_hal.o
                0x08001b60                HAL_DBGMCU_DisableDBGStopMode
 .text.HAL_DBGMCU_DisableDBGStandbyMode
                0x08001b70       0x10 ./Drivers/STM32L0xx_HAL_Driver/stm32l0xx_hal.o
                0x08001b70                HAL_DBGMCU_DisableDBGStandbyMode
 .text.HAL_NVIC_SetPriority
                0x08001b80       0x54 ./Drivers/STM32L0xx_HAL_Driver/stm32l0xx_hal_cortex.o
                0x08001b80                HAL_NVIC_SetPriority
 .text.HAL_NVIC_EnableIRQ
                0x08001bd4       0x18 ./Drivers/STM32L0xx_HAL_Driver/stm32l0xx_hal_cortex.o
                0x08001bd4                HAL_NVIC_EnableIRQ
 .text.HAL_NVIC_DisableIRQ
                0x08001bec       0x20 ./Drivers/STM32L0xx_HAL_Driver/stm32l0xx_hal_cortex.o
                0x08001bec                HAL_NVIC_DisableIRQ
 .text.HAL_DMA_Init
                0x08001c0c       0x88 ./Drivers/STM32L0xx_HAL_Driver/stm32l0xx_hal_dma.o
                0x08001c0c                HAL_DMA_Init
 .text.HAL_DMA_DeInit
                0x08001c94       0x60 ./Drivers/STM32L0xx_HAL_Driver/stm32l0xx_hal_dma.o
                0x08001c94                HAL_DMA_DeInit
 .text.HAL_DMA_Start_IT
                0x08001cf4       0x7c ./Drivers/STM32L0xx_HAL_Driver/stm32l0xx_hal_dma.o
                0x08001cf4                HAL_DMA_Start_IT
 .text.HAL_DMA_Abort
                0x08001d70       0x40 ./Drivers/STM32L0xx_HAL_Driver/stm32l0xx_hal_dma.o
                0x08001d70                HAL_DMA_Abort
 .text.HAL_DMA_Abort_IT
                0x08001db0       0x46 ./Drivers/STM32L0xx_HAL_Driver/stm32l0xx_hal_dma.o
                0x08001db0                HAL_DMA_Abort_IT
 .text.HAL_DMA_IRQHandler
                0x08001df6       0x96 ./Drivers/STM32L0xx_HAL_Driver/stm32l0xx_hal_dma.o
                0x08001df6                HAL_DMA_IRQHandler
 .text.HAL_EXTI_RegisterCallback
                0x08001e8c        0xe ./Drivers/STM32L0xx_HAL_Driver/stm32l0xx_hal_exti.o
                0x08001e8c                HAL_EXTI_RegisterCallback
 .text.HAL_EXTI_GetHandle
                0x08001e9a        0xe ./Drivers/STM32L0xx_HAL_Driver/stm32l0xx_hal_exti.o
                0x08001e9a                HAL_EXTI_GetHandle
 .text.HAL_EXTI_IRQHandler
                0x08001ea8       0x24 ./Drivers/STM32L0xx_HAL_Driver/stm32l0xx_hal_exti.o
                0x08001ea8                HAL_EXTI_IRQHandler
 .text.HAL_GPIO_Init
                0x08001ecc      0x178 ./Drivers/STM32L0xx_HAL_Driver/stm32l0xx_hal_gpio.o
                0x08001ecc                HAL_GPIO_Init
 .text.HAL_GPIO_DeInit
                0x08002044       0xf8 ./Drivers/STM32L0xx_HAL_Driver/stm32l0xx_hal_gpio.o
                0x08002044                HAL_GPIO_DeInit
 .text.HAL_GPIO_ReadPin
                0x0800213c        0xc ./Drivers/STM32L0xx_HAL_Driver/stm32l0xx_hal_gpio.o
                0x0800213c                HAL_GPIO_ReadPin
 .text.HAL_GPIO_WritePin
                0x08002148        0xc ./Drivers/STM32L0xx_HAL_Driver/stm32l0xx_hal_gpio.o
                0x08002148                HAL_GPIO_WritePin
 .text.HAL_GPIO_TogglePin
                0x08002154       0x10 ./Drivers/STM32L0xx_HAL_Driver/stm32l0xx_hal_gpio.o
                0x08002154                HAL_GPIO_TogglePin
 .text.HAL_PWR_DisablePVD
                0x08002164       0x10 ./Drivers/STM32L0xx_HAL_Driver/stm32l0xx_hal_pwr.o
                0x08002164                HAL_PWR_DisablePVD
 .text.HAL_PWR_EnterSLEEPMode
                0x08002174       0x70 ./Drivers/STM32L0xx_HAL_Driver/stm32l0xx_hal_pwr.o
                0x08002174                HAL_PWR_EnterSLEEPMode
 .text.HAL_PWR_EnterSTOPMode
                0x080021e4       0x78 ./Drivers/STM32L0xx_HAL_Driver/stm32l0xx_hal_pwr.o
                0x080021e4                HAL_PWR_EnterSTOPMode
 .text.HAL_PWREx_EnableFastWakeUp
                0x0800225c       0x14 ./Drivers/STM32L0xx_HAL_Driver/stm32l0xx_hal_pwr_ex.o
                0x0800225c                HAL_PWREx_EnableFastWakeUp
 .text.HAL_PWREx_EnableUltraLowPower
                0x08002270       0x14 ./Drivers/STM32L0xx_HAL_Driver/stm32l0xx_hal_pwr_ex.o
                0x08002270                HAL_PWREx_EnableUltraLowPower
 .text.HAL_RCC_GetSysClockFreq
                0x08002284       0x94 ./Drivers/STM32L0xx_HAL_Driver/stm32l0xx_hal_rcc.o
                0x08002284                HAL_RCC_GetSysClockFreq
 .text.HAL_RCC_OscConfig
                0x08002318      0x514 ./Drivers/STM32L0xx_HAL_Driver/stm32l0xx_hal_rcc.o
                0x08002318                HAL_RCC_OscConfig
 .text.HAL_RCC_ClockConfig
                0x0800282c      0x19c ./Drivers/STM32L0xx_HAL_Driver/stm32l0xx_hal_rcc.o
                0x0800282c                HAL_RCC_ClockConfig
 .text.HAL_RCC_GetPCLK1Freq
                0x080029c8       0x20 ./Drivers/STM32L0xx_HAL_Driver/stm32l0xx_hal_rcc.o
                0x080029c8                HAL_RCC_GetPCLK1Freq
 .text.HAL_RCC_GetPCLK2Freq
                0x080029e8       0x20 ./Drivers/STM32L0xx_HAL_Driver/stm32l0xx_hal_rcc.o
                0x080029e8                HAL_RCC_GetPCLK2Freq
 .text.HAL_RCCEx_PeriphCLKConfig
                0x08002a08      0x1b8 ./Drivers/STM32L0xx_HAL_Driver/stm32l0xx_hal_rcc_ex.o
                0x08002a08                HAL_RCCEx_PeriphCLKConfig
 .text.HAL_RTC_DeactivateAlarm
                0x08002bc0       0xb8 ./Drivers/STM32L0xx_HAL_Driver/stm32l0xx_hal_rtc.o
                0x08002bc0                HAL_RTC_DeactivateAlarm
 .text.HAL_RTC_AlarmIRQHandler
                0x08002c78       0x5c ./Drivers/STM32L0xx_HAL_Driver/stm32l0xx_hal_rtc.o
                0x08002c78                HAL_RTC_AlarmIRQHandler
 .text.HAL_RTC_WaitForSynchro
                0x08002cd4       0x34 ./Drivers/STM32L0xx_HAL_Driver/stm32l0xx_hal_rtc.o
                0x08002cd4                HAL_RTC_WaitForSynchro
 .text.RTC_EnterInitMode
                0x08002d08       0x38 ./Drivers/STM32L0xx_HAL_Driver/stm32l0xx_hal_rtc.o
                0x08002d08                RTC_EnterInitMode
 .text.HAL_RTC_Init
                0x08002d40       0xb8 ./Drivers/STM32L0xx_HAL_Driver/stm32l0xx_hal_rtc.o
                0x08002d40                HAL_RTC_Init
 .text.RTC_ByteToBcd2
                0x08002df8       0x16 ./Drivers/STM32L0xx_HAL_Driver/stm32l0xx_hal_rtc.o
                0x08002df8                RTC_ByteToBcd2
 *fill*         0x08002e0e        0x2 
 .text.HAL_RTC_SetTime
                0x08002e10      0x10c ./Drivers/STM32L0xx_HAL_Driver/stm32l0xx_hal_rtc.o
                0x08002e10                HAL_RTC_SetTime
 .text.HAL_RTC_SetDate
                0x08002f1c       0xdc ./Drivers/STM32L0xx_HAL_Driver/stm32l0xx_hal_rtc.o
                0x08002f1c                HAL_RTC_SetDate
 .text.HAL_RTC_SetAlarm_IT
                0x08002ff8      0x19c ./Drivers/STM32L0xx_HAL_Driver/stm32l0xx_hal_rtc.o
                0x08002ff8                HAL_RTC_SetAlarm_IT
 .text.RTC_Bcd2ToByte
                0x08003194       0x12 ./Drivers/STM32L0xx_HAL_Driver/stm32l0xx_hal_rtc.o
                0x08003194                RTC_Bcd2ToByte
 *fill*         0x080031a6        0x2 
 .text.HAL_RTC_GetTime
                0x080031a8       0x54 ./Drivers/STM32L0xx_HAL_Driver/stm32l0xx_hal_rtc.o
                0x080031a8                HAL_RTC_GetTime
 .text.HAL_RTC_GetDate
                0x080031fc       0x44 ./Drivers/STM32L0xx_HAL_Driver/stm32l0xx_hal_rtc.o
                0x080031fc                HAL_RTC_GetDate
 .text.HAL_RTCEx_BKUPWrite
                0x08003240        0xc ./Drivers/STM32L0xx_HAL_Driver/stm32l0xx_hal_rtc_ex.o
                0x08003240                HAL_RTCEx_BKUPWrite
 .text.HAL_RTCEx_BKUPRead
                0x0800324c        0xc ./Drivers/STM32L0xx_HAL_Driver/stm32l0xx_hal_rtc_ex.o
                0x0800324c                HAL_RTCEx_BKUPRead
 .text.HAL_RTCEx_EnableBypassShadow
                0x08003258       0x34 ./Drivers/STM32L0xx_HAL_Driver/stm32l0xx_hal_rtc_ex.o
                0x08003258                HAL_RTCEx_EnableBypassShadow
 .text.HAL_RTCEx_AlarmBEventCallback
                0x0800328c        0x2 ./Drivers/STM32L0xx_HAL_Driver/stm32l0xx_hal_rtc_ex.o
                0x0800328c                HAL_RTCEx_AlarmBEventCallback
 *fill*         0x0800328e        0x2 
 .text.SPI_WaitFlagStateUntilTimeout
                0x08003290       0xc4 ./Drivers/STM32L0xx_HAL_Driver/stm32l0xx_hal_spi.o
 .text.SPI_EndRxTxTransaction
                0x08003354       0x68 ./Drivers/STM32L0xx_HAL_Driver/stm32l0xx_hal_spi.o
 .text.HAL_SPI_MspInit
                0x080033bc        0x2 ./Drivers/STM32L0xx_HAL_Driver/stm32l0xx_hal_spi.o
                0x080033bc                HAL_SPI_MspInit
 *fill*         0x080033be        0x2 
 .text.HAL_SPI_Init
                0x080033c0       0xd0 ./Drivers/STM32L0xx_HAL_Driver/stm32l0xx_hal_spi.o
                0x080033c0                HAL_SPI_Init
 .text.HAL_SPI_TransmitReceive
                0x08003490      0x288 ./Drivers/STM32L0xx_HAL_Driver/stm32l0xx_hal_spi.o
                0x08003490                HAL_SPI_TransmitReceive
 .text.HAL_SPI_GetState
                0x08003718        0x8 ./Drivers/STM32L0xx_HAL_Driver/stm32l0xx_hal_spi.o
                0x08003718                HAL_SPI_GetState
 .text.UART_EndRxTransfer
                0x08003720       0x34 ./Drivers/STM32L0xx_HAL_Driver/stm32l0xx_hal_uart.o
 .text.HAL_UART_Transmit_DMA
                0x08003754       0xa4 ./Drivers/STM32L0xx_HAL_Driver/stm32l0xx_hal_uart.o
                0x08003754                HAL_UART_Transmit_DMA
 .text.UART_DMATransmitCplt
                0x080037f8       0x34 ./Drivers/STM32L0xx_HAL_Driver/stm32l0xx_hal_uart.o
 .text.HAL_UART_TxHalfCpltCallback
                0x0800382c        0x2 ./Drivers/STM32L0xx_HAL_Driver/stm32l0xx_hal_uart.o
                0x0800382c                HAL_UART_TxHalfCpltCallback
 .text.UART_DMATxHalfCplt
                0x0800382e        0xa ./Drivers/STM32L0xx_HAL_Driver/stm32l0xx_hal_uart.o
 .text.HAL_UART_ErrorCallback
                0x08003838        0x2 ./Drivers/STM32L0xx_HAL_Driver/stm32l0xx_hal_uart.o
                0x08003838                HAL_UART_ErrorCallback
 .text.UART_DMAError
                0x0800383a       0x52 ./Drivers/STM32L0xx_HAL_Driver/stm32l0xx_hal_uart.o
 .text.UART_DMAAbortOnError
                0x0800388c       0x16 ./Drivers/STM32L0xx_HAL_Driver/stm32l0xx_hal_uart.o
 .text.HAL_UARTEx_RxEventCallback
                0x080038a2        0x2 ./Drivers/STM32L0xx_HAL_Driver/stm32l0xx_hal_uart.o
                0x080038a2                HAL_UARTEx_RxEventCallback
 .text.HAL_UART_IRQHandler
                0x080038a4      0x230 ./Drivers/STM32L0xx_HAL_Driver/stm32l0xx_hal_uart.o
                0x080038a4                HAL_UART_IRQHandler
 .text.UART_RxISR_8BIT
                0x08003ad4       0x84 ./Drivers/STM32L0xx_HAL_Driver/stm32l0xx_hal_uart.o
 .text.UART_RxISR_16BIT
                0x08003b58       0x80 ./Drivers/STM32L0xx_HAL_Driver/stm32l0xx_hal_uart.o
 .text.UART_SetConfig
                0x08003bd8      0x20c ./Drivers/STM32L0xx_HAL_Driver/stm32l0xx_hal_uart.o
                0x08003bd8                UART_SetConfig
 .text.UART_AdvFeatureConfig
                0x08003de4       0xd0 ./Drivers/STM32L0xx_HAL_Driver/stm32l0xx_hal_uart.o
                0x08003de4                UART_AdvFeatureConfig
 .text.UART_WaitOnFlagUntilTimeout
                0x08003eb4       0x8c ./Drivers/STM32L0xx_HAL_Driver/stm32l0xx_hal_uart.o
                0x08003eb4                UART_WaitOnFlagUntilTimeout
 .text.UART_CheckIdleState
                0x08003f40       0x64 ./Drivers/STM32L0xx_HAL_Driver/stm32l0xx_hal_uart.o
                0x08003f40                UART_CheckIdleState
 .text.HAL_UART_Init
                0x08003fa4       0x64 ./Drivers/STM32L0xx_HAL_Driver/stm32l0xx_hal_uart.o
                0x08003fa4                HAL_UART_Init
 .text.UART_Start_Receive_IT
                0x08004008       0x94 ./Drivers/STM32L0xx_HAL_Driver/stm32l0xx_hal_uart.o
                0x08004008                UART_Start_Receive_IT
 .text.HAL_UART_Receive_IT
                0x0800409c       0x64 ./Drivers/STM32L0xx_HAL_Driver/stm32l0xx_hal_uart.o
                0x0800409c                HAL_UART_Receive_IT
 .text.HAL_UARTEx_WakeupCallback
                0x08004100        0x2 ./Drivers/STM32L0xx_HAL_Driver/stm32l0xx_hal_uart_ex.o
                0x08004100                HAL_UARTEx_WakeupCallback
 *fill*         0x08004102        0x2 
 .text.HAL_UARTEx_StopModeWakeUpSourceConfig
                0x08004104       0x8c ./Drivers/STM32L0xx_HAL_Driver/stm32l0xx_hal_uart_ex.o
                0x08004104                HAL_UARTEx_StopModeWakeUpSourceConfig
 .text.HAL_UARTEx_EnableStopMode
                0x08004190       0x20 ./Drivers/STM32L0xx_HAL_Driver/stm32l0xx_hal_uart_ex.o
                0x08004190                HAL_UARTEx_EnableStopMode
 .text.SX1276GetStatus
                0x080041b0        0xc ./Middlewares/SubGHz_Phy/sx1276.o
                0x080041b0                SX1276GetStatus
 .text.GetFskBandwidthRegValue
                0x080041bc       0x2c ./Middlewares/SubGHz_Phy/sx1276.o
 .text.SX1276GetTimeOnAir
                0x080041e8       0xec ./Middlewares/SubGHz_Phy/sx1276.o
                0x080041e8                SX1276GetTimeOnAir
 .text.SX1276GetWakeupTime
                0x080042d4        0xa ./Middlewares/SubGHz_Phy/sx1276.o
                0x080042d4                SX1276GetWakeupTime
 .text.SX1276WriteBuffer
                0x080042de       0x30 ./Middlewares/SubGHz_Phy/sx1276.o
                0x080042de                SX1276WriteBuffer
 .text.SX1276Write
                0x0800430e       0x12 ./Middlewares/SubGHz_Phy/sx1276.o
                0x0800430e                SX1276Write
 .text.SX1276SetChannel
                0x08004320       0x54 ./Middlewares/SubGHz_Phy/sx1276.o
                0x08004320                SX1276SetChannel
 .text.SX1276ReadBuffer
                0x08004374       0x30 ./Middlewares/SubGHz_Phy/sx1276.o
                0x08004374                SX1276ReadBuffer
 .text.SX1276Read
                0x080043a4       0x12 ./Middlewares/SubGHz_Phy/sx1276.o
                0x080043a4                SX1276Read
 *fill*         0x080043b6        0x2 
 .text.SX1276OnDio2Irq
                0x080043b8       0xc0 ./Middlewares/SubGHz_Phy/sx1276.o
 .text.SX1276OnDio4Irq
                0x08004478       0x1c ./Middlewares/SubGHz_Phy/sx1276.o
 .text.SX1276OnDio3Irq
                0x08004494       0x54 ./Middlewares/SubGHz_Phy/sx1276.o
 .text.SX1276SetOpMode.part.0
                0x080044e8       0x58 ./Middlewares/SubGHz_Phy/sx1276.o
 .text.SX1276SetStby
                0x08004540       0x38 ./Middlewares/SubGHz_Phy/sx1276.o
                0x08004540                SX1276SetStby
 .text.SX1276SetRx
                0x08004578      0x214 ./Middlewares/SubGHz_Phy/sx1276.o
                0x08004578                SX1276SetRx
 .text.SX1276StartCad
                0x0800478c       0x34 ./Middlewares/SubGHz_Phy/sx1276.o
                0x0800478c                SX1276StartCad
 .text.SX1276ReadRssi
                0x080047c0       0x44 ./Middlewares/SubGHz_Phy/sx1276.o
                0x080047c0                SX1276ReadRssi
 .text.SX1276SetOpMode.constprop.0
                0x08004804       0x20 ./Middlewares/SubGHz_Phy/sx1276.o
 .text.SX1276SetModem
                0x08004824       0x6c ./Middlewares/SubGHz_Phy/sx1276.o
                0x08004824                SX1276SetModem
 .text.SX1276SetMaxPayloadLength
                0x08004890       0x30 ./Middlewares/SubGHz_Phy/sx1276.o
                0x08004890                SX1276SetMaxPayloadLength
 .text.SX1276SetPublicNetwork
                0x080048c0       0x24 ./Middlewares/SubGHz_Phy/sx1276.o
                0x080048c0                SX1276SetPublicNetwork
 .text.SX1276SetRxConfig
                0x080048e4      0x2dc ./Middlewares/SubGHz_Phy/sx1276.o
                0x080048e4                SX1276SetRxConfig
 .text.SX1276SetSleep
                0x08004bc0       0x3c ./Middlewares/SubGHz_Phy/sx1276.o
                0x08004bc0                SX1276SetSleep
 .text.SX1276IsChannelFree
                0x08004bfc       0x66 ./Middlewares/SubGHz_Phy/sx1276.o
                0x08004bfc                SX1276IsChannelFree
 .text.SX1276Random
                0x08004c62       0x3c ./Middlewares/SubGHz_Phy/sx1276.o
                0x08004c62                SX1276Random
 *fill*         0x08004c9e        0x2 
 .text.SX1276SetTxConfig
                0x08004ca0      0x338 ./Middlewares/SubGHz_Phy/sx1276.o
                0x08004ca0                SX1276SetTxConfig
 .text.SX1276SetTxContinuousWave
                0x08004fd8       0x80 ./Middlewares/SubGHz_Phy/sx1276.o
                0x08004fd8                SX1276SetTxContinuousWave
 .text.RxChainCalibration
                0x08005058       0x98 ./Middlewares/SubGHz_Phy/sx1276.o
 .text.SX1276Init
                0x080050f0       0x9c ./Middlewares/SubGHz_Phy/sx1276.o
                0x080050f0                SX1276Init
 .text.SX1276OnTimeoutIrq
                0x0800518c       0xb8 ./Middlewares/SubGHz_Phy/sx1276.o
 .text.SX1276OnDio0Irq
                0x08005244      0x240 ./Middlewares/SubGHz_Phy/sx1276.o
 .text.SX1276Send
                0x08005484      0x194 ./Middlewares/SubGHz_Phy/sx1276.o
                0x08005484                SX1276Send
 .text.SX1276OnDio1Irq
                0x08005618       0xf8 ./Middlewares/SubGHz_Phy/sx1276.o
 .text.TRACE_AllocateBufer
                0x08005710       0x64 ./Utilities/stm32_adv_trace.o
 .text.TRACE_Lock
                0x08005774       0x18 ./Utilities/stm32_adv_trace.o
 .text.TRACE_UnLock
                0x0800578c       0x18 ./Utilities/stm32_adv_trace.o
 .text.UTIL_ADV_TRACE_Init
                0x080057a4       0x34 ./Utilities/stm32_adv_trace.o
                0x080057a4                UTIL_ADV_TRACE_Init
 .text.UTIL_ADV_TRACE_RegisterTimeStampFunction
                0x080057d8        0xc ./Utilities/stm32_adv_trace.o
                0x080057d8                UTIL_ADV_TRACE_RegisterTimeStampFunction
 .text.UTIL_ADV_TRACE_SetVerboseLevel
                0x080057e4        0xc ./Utilities/stm32_adv_trace.o
                0x080057e4                UTIL_ADV_TRACE_SetVerboseLevel
 .text.TRACE_Send
                0x080057f0       0x80 ./Utilities/stm32_adv_trace.o
 .text.UTIL_ADV_TRACE_COND_FSend
                0x08005870       0xc0 ./Utilities/stm32_adv_trace.o
                0x08005870                UTIL_ADV_TRACE_COND_FSend
 .text.TRACE_TxCpltCallback
                0x08005930       0x94 ./Utilities/stm32_adv_trace.o
 .text.UTIL_LPM_Init
                0x080059c4       0x10 ./Utilities/stm32_lpm.o
                0x080059c4                UTIL_LPM_Init
 .text.UTIL_LPM_SetStopMode
                0x080059d4       0x2c ./Utilities/stm32_lpm.o
                0x080059d4                UTIL_LPM_SetStopMode
 .text.UTIL_LPM_SetOffMode
                0x08005a00       0x2c ./Utilities/stm32_lpm.o
                0x08005a00                UTIL_LPM_SetOffMode
 .text.UTIL_LPM_GetMode
                0x08005a2c       0x24 ./Utilities/stm32_lpm.o
                0x08005a2c                UTIL_LPM_GetMode
 .text.UTIL_LPM_EnterLowPower
                0x08005a50       0x40 ./Utilities/stm32_lpm.o
                0x08005a50                UTIL_LPM_EnterLowPower
 .text.UTIL_MEM_cpy_8
                0x08005a90       0x12 ./Utilities/stm32_mem.o
                0x08005a90                UTIL_MEM_cpy_8
 *fill*         0x08005aa2        0x2 
 .text.UTIL_MEM_set_8
                0x08005aa4       0x18 ./Utilities/stm32_mem.o
                0x08005aa4                UTIL_MEM_set_8
 .text.UTIL_SEQ_SetTask
                0x08005abc       0x24 ./Utilities/stm32_seq.o
                0x08005abc                UTIL_SEQ_SetTask
 .text.UTIL_SEQ_PreIdle
                0x08005ae0        0x2 ./Utilities/stm32_seq.o
                0x08005ae0                UTIL_SEQ_PreIdle
 .text.UTIL_SEQ_PostIdle
                0x08005ae2        0x2 ./Utilities/stm32_seq.o
                0x08005ae2                UTIL_SEQ_PostIdle
 .text.SEQ_BitPosition
                0x08005ae4       0x40 ./Utilities/stm32_seq.o
                0x08005ae4                SEQ_BitPosition
 .text.UTIL_SEQ_Run
                0x08005b24       0xd0 ./Utilities/stm32_seq.o
                0x08005b24                UTIL_SEQ_Run
 .text.UTIL_SEQ_RegTask
                0x08005bf4       0x20 ./Utilities/stm32_seq.o
                0x08005bf4                UTIL_SEQ_RegTask
 .text.SysTimeGet
                0x08005c14       0x4c ./Utilities/stm32_systime.o
                0x08005c14                SysTimeGet
 .text.UTIL_TIMER_Init
                0x08005c60       0x18 ./Utilities/stm32_timer.o
                0x08005c60                UTIL_TIMER_Init
 .text.UTIL_TIMER_Create
                0x08005c78       0x38 ./Utilities/stm32_timer.o
                0x08005c78                UTIL_TIMER_Create
 .text.UTIL_TIMER_GetCurrentTime
                0x08005cb0       0x14 ./Utilities/stm32_timer.o
                0x08005cb0                UTIL_TIMER_GetCurrentTime
 .text.UTIL_TIMER_GetElapsedTime
                0x08005cc4       0x20 ./Utilities/stm32_timer.o
                0x08005cc4                UTIL_TIMER_GetElapsedTime
 .text.TimerExists
                0x08005ce4       0x1c ./Utilities/stm32_timer.o
                0x08005ce4                TimerExists
 .text.TimerSetTimeout
                0x08005d00       0x34 ./Utilities/stm32_timer.o
                0x08005d00                TimerSetTimeout
 .text.UTIL_TIMER_Stop
                0x08005d34       0x60 ./Utilities/stm32_timer.o
                0x08005d34                UTIL_TIMER_Stop
 .text.TimerInsertTimer
                0x08005d94       0x24 ./Utilities/stm32_timer.o
                0x08005d94                TimerInsertTimer
 .text.TimerInsertNewHeadTimer
                0x08005db8       0x1c ./Utilities/stm32_timer.o
                0x08005db8                TimerInsertNewHeadTimer
 .text.UTIL_TIMER_Start
                0x08005dd4       0x7c ./Utilities/stm32_timer.o
                0x08005dd4                UTIL_TIMER_Start
 .text.UTIL_TIMER_SetPeriod
                0x08005e50       0x38 ./Utilities/stm32_timer.o
                0x08005e50                UTIL_TIMER_SetPeriod
 .text.UTIL_TIMER_IRQ_Handler
                0x08005e88       0x84 ./Utilities/stm32_timer.o
                0x08005e88                UTIL_TIMER_IRQ_Handler
 .text.tiny_vsnprintf_like
                0x08005f0c      0x268 ./Utilities/stm32_tiny_vsnprintf.o
                0x08005f0c                tiny_vsnprintf_like
 .text.memset   0x08006174       0x10 /opt/st/stm32cubeide_2.1.1/plugins/com.st.stm32cube.ide.mcu.externaltools.gnu-tools-for-stm32.14.3.rel1.linux64_1.0.100.202602081740/tools/bin/../lib/gcc/arm-none-eabi/14.3.1/../../../../arm-none-eabi/lib/thumb/v6-m/nofp/libc_nano.a(libc_a-memset.o)
                0x08006174                memset
 .text.__libc_init_array
                0x08006184       0x48 /opt/st/stm32cubeide_2.1.1/plugins/com.st.stm32cube.ide.mcu.externaltools.gnu-tools-for-stm32.14.3.rel1.linux64_1.0.100.202602081740/tools/bin/../lib/gcc/arm-none-eabi/14.3.1/../../../../arm-none-eabi/lib/thumb/v6-m/nofp/libc_nano.a(libc_a-init.o)
                0x08006184                __libc_init_array
 .text.memcpy   0x080061cc       0x12 /opt/st/stm32cubeide_2.1.1/plugins/com.st.stm32cube.ide.mcu.externaltools.gnu-tools-for-stm32.14.3.rel1.linux64_1.0.100.202602081740/tools/bin/../lib/gcc/arm-none-eabi/14.3.1/../../../../arm-none-eabi/lib/thumb/v6-m/nofp/libc_nano.a(libc_a-memcpy-stub.o)
                0x080061cc                memcpy
 *(.glue_7)
 .glue_7        0x080061de        0x0 linker stubs
 *(.glue_7t)
 .glue_7t       0x080061de        0x0 linker stubs
 *(.eh_frame)
 *fill*         0x080061de        0x2 
 .eh_frame      0x080061e0        0x0 /opt/st/stm32cubeide_2.1.1/plugins/com.st.stm32cube.ide.mcu.externaltools.gnu-tools-for-stm32.14.3.rel1.linux64_1.0.100.202602081740/tools/bin/../lib/gcc/arm-none-eabi/14.3.1/thumb/v6-m/nofp/crtbegin.o
 *(.init)
 .init          0x080061e0        0x4 /opt/st/stm32cubeide_2.1.1/plugins/com.st.stm32cube.ide.mcu.externaltools.gnu-tools-for-stm32.14.3.rel1.linux64_1.0.100.202602081740/tools/bin/../lib/gcc/arm-none-eabi/14.3.1/thumb/v6-m/nofp/crti.o
                0x080061e0                _init
 .init          0x080061e4        0x8 /opt/st/stm32cubeide_2.1.1/plugins/com.st.stm32cube.ide.mcu.externaltools.gnu-tools-for-stm32.14.3.rel1.linux64_1.0.100.202602081740/tools/bin/../lib/gcc/arm-none-eabi/14.3.1/thumb/v6-m/nofp/crtn.o
 *(.fini)
 .fini          0x080061ec        0x4 /opt/st/stm32cubeide_2.1.1/plugins/com.st.stm32cube.ide.mcu.externaltools.gnu-tools-for-stm32.14.3.rel1.linux64_1.0.100.202602081740/tools/bin/../lib/gcc/arm-none-eabi/14.3.1/thumb/v6-m/nofp/crti.o
                0x080061ec                _fini
 .fini          0x080061f0        0x8 /opt/st/stm32cubeide_2.1.1/plugins/com.st.stm32cube.ide.mcu.externaltools.gnu-tools-for-stm32.14.3.rel1.linux64_1.0.100.202602081740/tools/bin/../lib/gcc/arm-none-eabi/14.3.1/thumb/v6-m/nofp/crtn.o
                0x080061f8                        . = ALIGN (0x4)
                0x080061f8                        _etext = .

.vfp11_veneer   0x080061f8        0x0
 .vfp11_veneer  0x080061f8        0x0 linker stubs

.v4_bx          0x080061f8        0x0
 .v4_bx         0x080061f8        0x0 linker stubs

.iplt           0x080061f8        0x0
 .iplt          0x080061f8        0x0 /opt/st/stm32cubeide_2.1.1/plugins/com.st.stm32cube.ide.mcu.externaltools.gnu-tools-for-stm32.14.3.rel1.linux64_1.0.100.202602081740/tools/bin/../lib/gcc/arm-none-eabi/14.3.1/thumb/v6-m/nofp/crtbegin.o

.rodata         0x080061f8      0x3e4
                0x080061f8                        . = ALIGN (0x4)
 *(.rodata)
 .rodata        0x080061f8       0x58 ./Application/Core/rtc_if.o
                0x08006210                UTIL_SYSTIMDriver
                0x08006224                UTIL_TimerDriver
 .rodata        0x08006250       0x18 ./Application/Core/stm32_lpm_if.o
                0x08006250                UTIL_PowerDriver
 .rodata        0x08006268       0x10 ./Application/Core/usart_if.o
                0x08006268                UTIL_TraceDriver
 .rodata        0x08006278       0x20 ./Application/Target/b_l072z_lrwan1_bus.o
 .rodata        0x08006298        0xc ./Drivers/BSP/B-L072Z-LRWAN1/b-l072z-lrwan1.o
                0x08006298                LED_PIN
                0x080062a0                BUTTON_IRQn
                0x080062a2                BUTTON_PIN
 .rodata        0x080062a4       0x24 ./Drivers/BSP/CMWX1ZZABZ_0xx/cmwx1zzabz_0xx.o
 .rodata        0x080062c8       0x21 ./Drivers/CMSIS/system_stm32l0xx.o
                0x080062c8                PLLMulTable
                0x080062d1                AHBPrescTable
                0x080062e1                APBPrescTable
 *fill*         0x080062e9        0x3 
 .rodata        0x080062ec      0x158 ./Middlewares/SubGHz_Phy/sx1276.o
                0x080062f8                RadioRegsInit
                0x08006328                FskBandwidths
                0x080063d8                Radio
 .rodata        0x08006444       0x10 ./Utilities/stm32_seq.o
 *(.rodata*)
 .rodata.str1.1
                0x08006454      0x184 ./Application/App/subghz_phy_app.o
                                0x12d (size before relaxing)
 .rodata.str1.1
                0x080065d8        0x9 ./Application/Core/sys_app.o
 .rodata.cst1   0x080065d8        0x1 ./Middlewares/SubGHz_Phy/sx1276.o
 .rodata.str1.1
                0x080065d9       0x51 ./Utilities/stm32_tiny_vsnprintf.o
                0x0800662c                        . = ALIGN (0x4)
 *fill*         0x080065d9        0x3 

.ARM.extab
 *(.ARM.extab* .gnu.linkonce.armextab.*)

.ARM            0x080065dc        0x8
                0x080065dc                        __exidx_start = .
 *(.ARM.exidx*)
 .ARM.exidx     0x080065dc        0x8 /opt/st/stm32cubeide_2.1.1/plugins/com.st.stm32cube.ide.mcu.externaltools.gnu-tools-for-stm32.14.3.rel1.linux64_1.0.100.202602081740/tools/bin/../lib/gcc/arm-none-eabi/14.3.1/thumb/v6-m/nofp/libgcc.a(_udivmoddi4.o)
                0x080065e4                        __exidx_end = .

.rel.dyn        0x080065e4        0x0
 .rel.iplt      0x080065e4        0x0 /opt/st/stm32cubeide_2.1.1/plugins/com.st.stm32cube.ide.mcu.externaltools.gnu-tools-for-stm32.14.3.rel1.linux64_1.0.100.202602081740/tools/bin/../lib/gcc/arm-none-eabi/14.3.1/thumb/v6-m/nofp/crtbegin.o

.preinit_array  0x080065e4        0x0
                0x080065e4                        PROVIDE (__preinit_array_start = .)
 *(.preinit_array*)
                0x080065e4                        PROVIDE (__preinit_array_end = .)

.init_array     0x080065e4        0x4
                0x080065e4                        PROVIDE (__init_array_start = .)
 *(SORT_BY_NAME(.init_array.*))
 *(.init_array*)
 .init_array    0x080065e4        0x4 /opt/st/stm32cubeide_2.1.1/plugins/com.st.stm32cube.ide.mcu.externaltools.gnu-tools-for-stm32.14.3.rel1.linux64_1.0.100.202602081740/tools/bin/../lib/gcc/arm-none-eabi/14.3.1/thumb/v6-m/nofp/crtbegin.o
                0x080065e8                        PROVIDE (__init_array_end = .)

.fini_array     0x080065e8        0x4
                [!provide]                        PROVIDE (__fini_array_start = .)
 *(SORT_BY_NAME(.fini_array.*))
 *(.fini_array*)
 .fini_array    0x080065e8        0x4 /opt/st/stm32cubeide_2.1.1/plugins/com.st.stm32cube.ide.mcu.externaltools.gnu-tools-for-stm32.14.3.rel1.linux64_1.0.100.202602081740/tools/bin/../lib/gcc/arm-none-eabi/14.3.1/thumb/v6-m/nofp/crtbegin.o
                [!provide]                        PROVIDE (__fini_array_end = .)
                0x080065ec                        _sidata = LOADADDR (.data)

.data           0x20000000       0x40 load address 0x080065ec
                0x20000000                        . = ALIGN (0x4)
                0x20000000                        _sdata = .
 *(.data)
 .data          0x20000000       0x14 ./Drivers/BSP/B-L072Z-LRWAN1/b-l072z-lrwan1.o
                0x20000000                LED_PORT
                0x20000010                BUTTON_PORT
 .data          0x20000014        0x4 ./Drivers/CMSIS/system_stm32l0xx.o
                0x20000014                SystemCoreClock
 .data          0x20000018        0x8 ./Drivers/STM32L0xx_HAL_Driver/stm32l0xx_hal.o
                0x20000018                uwTickFreq
                0x2000001c                uwTickPrio
 .data          0x20000020       0x18 ./Middlewares/SubGHz_Phy/sx1276.o
                0x20000020                DioIrq
 .data          0x20000038        0x8 ./Utilities/stm32_seq.o
 *(.data*)
                0x20000040                        . = ALIGN (0x4)
                0x20000040                        _edata = .

.igot.plt       0x20000040        0x0 load address 0x0800662c
 .igot.plt      0x20000040        0x0 /opt/st/stm32cubeide_2.1.1/plugins/com.st.stm32cube.ide.mcu.externaltools.gnu-tools-for-stm32.14.3.rel1.linux64_1.0.100.202602081740/tools/bin/../lib/gcc/arm-none-eabi/14.3.1/thumb/v6-m/nofp/crtbegin.o
                0x20000040                        . = ALIGN (0x4)

.bss            0x20000040      0x994 load address 0x0800662c
                0x20000040                        _sbss = .
                0x20000040                        __bss_start__ = _sbss
 *(.bss)
 .bss           0x20000040       0x1c /opt/st/stm32cubeide_2.1.1/plugins/com.st.stm32cube.ide.mcu.externaltools.gnu-tools-for-stm32.14.3.rel1.linux64_1.0.100.202602081740/tools/bin/../lib/gcc/arm-none-eabi/14.3.1/thumb/v6-m/nofp/crtbegin.o
 .bss           0x2000005c      0x23e ./Application/App/subghz_phy_app.o
                0x2000005c                SnrValue
                0x2000005e                RxBufferSize
                0x20000060                RssiValue
 *fill*         0x2000029a        0x2 
 .bss           0x2000029c       0x24 ./Application/Core/rtc.o
                0x2000029c                hrtc
 .bss           0x200002c0       0x45 ./Application/Core/rtc_if.o
 *fill*         0x20000305        0x3 
 .bss           0x20000308       0xcc ./Application/Core/usart.o
                0x20000308                hdma_usart2_tx
                0x20000350                huart2
 .bss           0x200003d4        0x9 ./Application/Core/usart_if.o
                0x200003dc                charRx
 *fill*         0x200003dd        0x3 
 .bss           0x200003e0       0x58 ./Application/Target/b_l072z_lrwan1_bus.o
                0x200003e0                hspi1
 .bss           0x20000438       0x20 ./Drivers/BSP/CMWX1ZZABZ_0xx/cmwx1zzabz_0xx.o
                0x20000438                hRADIO_DIO_exti
 .bss           0x20000458        0x4 ./Drivers/STM32L0xx_HAL_Driver/stm32l0xx_hal.o
                0x20000458                uwTick
 .bss           0x2000045c      0x1b4 ./Middlewares/SubGHz_Phy/sx1276.o
                0x2000045c                SX1276
                0x200004c4                RxTimeoutSyncWord
                0x200004e0                RxTimeoutTimer
                0x200004f8                TxTimeoutTimer
 .bss           0x20000610      0x318 ./Utilities/stm32_adv_trace.o
 .bss           0x20000928        0x8 ./Utilities/stm32_lpm.o
 .bss           0x20000930       0xa0 ./Utilities/stm32_seq.o
 .bss           0x200009d0        0x4 ./Utilities/stm32_timer.o
 *(.bss*)
 *(COMMON)
                0x200009d4                        . = ALIGN (0x4)
                0x200009d4                        _ebss = .
                0x200009d4                        __bss_end__ = _ebss

._user_heap_stack
                0x200009d4      0x604 load address 0x0800662c
                0x200009d8                        . = ALIGN (0x8)
 *fill*         0x200009d4        0x4 
                0x200009d8                        PROVIDE (end = .)
                [!provide]                        PROVIDE (_end = .)
                0x20000bd8                        . = (. + _Min_Heap_Size)
 *fill*         0x200009d8      0x200 
                0x20000fd8                        . = (. + _Min_Stack_Size)
 *fill*         0x20000bd8      0x400 
                0x20000fd8                        . = ALIGN (0x8)

/DISCARD/
 libc.a(*)
 libm.a(*)
 libgcc.a(*)

.ARM.attributes
                0x00000000       0x28
 *(.ARM.attributes)
 .ARM.attributes
                0x00000000       0x1e /opt/st/stm32cubeide_2.1.1/plugins/com.st.stm32cube.ide.mcu.externaltools.gnu-tools-for-stm32.14.3.rel1.linux64_1.0.100.202602081740/tools/bin/../lib/gcc/arm-none-eabi/14.3.1/thumb/v6-m/nofp/crti.o
 .ARM.attributes
                0x0000001e       0x2c /opt/st/stm32cubeide_2.1.1/plugins/com.st.stm32cube.ide.mcu.externaltools.gnu-tools-for-stm32.14.3.rel1.linux64_1.0.100.202602081740/tools/bin/../lib/gcc/arm-none-eabi/14.3.1/thumb/v6-m/nofp/crtbegin.o
 .ARM.attributes
                0x0000004a       0x2c ./Application/App/app_subghz_phy.o
 .ARM.attributes
                0x00000076       0x2c ./Application/App/subghz_phy_app.o
 .ARM.attributes
                0x000000a2       0x2c ./Application/Core/dma.o
 .ARM.attributes
                0x000000ce       0x2c ./Application/Core/main.o
 .ARM.attributes
                0x000000fa       0x2c ./Application/Core/rtc.o
 .ARM.attributes
                0x00000126       0x2c ./Application/Core/rtc_if.o
 .ARM.attributes
                0x00000152       0x2c ./Application/Core/stm32_lpm_if.o
 .ARM.attributes
                0x0000017e       0x2c ./Application/Core/stm32l0xx_hal_msp.o
 .ARM.attributes
                0x000001aa       0x2c ./Application/Core/stm32l0xx_it.o
 .ARM.attributes
                0x000001d6       0x2c ./Application/Core/sys_app.o
 .ARM.attributes
                0x00000202       0x2c ./Application/Core/sys_debug.o
 .ARM.attributes
                0x0000022e       0x2c ./Application/Core/usart.o
 .ARM.attributes
                0x0000025a       0x2c ./Application/Core/usart_if.o
 .ARM.attributes
                0x00000286       0x22 ./Application/SW4STM32/startup_stm32l072xx.o
 .ARM.attributes
                0x000002a8       0x2c ./Application/Target/b_l072z_lrwan1_bus.o
 .ARM.attributes
                0x000002d4       0x2c ./Drivers/BSP/B-L072Z-LRWAN1/b-l072z-lrwan1.o
 .ARM.attributes
                0x00000300       0x2c ./Drivers/BSP/CMWX1ZZABZ_0xx/cmwx1zzabz_0xx.o
 .ARM.attributes
                0x0000032c       0x2c ./Drivers/CMSIS/system_stm32l0xx.o
 .ARM.attributes
                0x00000358       0x2c ./Drivers/STM32L0xx_HAL_Driver/stm32l0xx_hal.o
 .ARM.attributes
                0x00000384       0x2c ./Drivers/STM32L0xx_HAL_Driver/stm32l0xx_hal_cortex.o
 .ARM.attributes
                0x000003b0       0x2c ./Drivers/STM32L0xx_HAL_Driver/stm32l0xx_hal_dma.o
 .ARM.attributes
                0x000003dc       0x2c ./Drivers/STM32L0xx_HAL_Driver/stm32l0xx_hal_exti.o
 .ARM.attributes
                0x00000408       0x2c ./Drivers/STM32L0xx_HAL_Driver/stm32l0xx_hal_gpio.o
 .ARM.attributes
                0x00000434       0x2c ./Drivers/STM32L0xx_HAL_Driver/stm32l0xx_hal_pwr.o
 .ARM.attributes
                0x00000460       0x2c ./Drivers/STM32L0xx_HAL_Driver/stm32l0xx_hal_pwr_ex.o
 .ARM.attributes
                0x0000048c       0x2c ./Drivers/STM32L0xx_HAL_Driver/stm32l0xx_hal_rcc.o
 .ARM.attributes
                0x000004b8       0x2c ./Drivers/STM32L0xx_HAL_Driver/stm32l0xx_hal_rcc_ex.o
 .ARM.attributes
                0x000004e4       0x2c ./Drivers/STM32L0xx_HAL_Driver/stm32l0xx_hal_rtc.o
 .ARM.attributes
                0x00000510       0x2c ./Drivers/STM32L0xx_HAL_Driver/stm32l0xx_hal_rtc_ex.o
 .ARM.attributes
                0x0000053c       0x2c ./Drivers/STM32L0xx_HAL_Driver/stm32l0xx_hal_spi.o
 .ARM.attributes
                0x00000568       0x2c ./Drivers/STM32L0xx_HAL_Driver/stm32l0xx_hal_uart.o
 .ARM.attributes
                0x00000594       0x2c ./Drivers/STM32L0xx_HAL_Driver/stm32l0xx_hal_uart_ex.o
 .ARM.attributes
                0x000005c0       0x2c ./Middlewares/SubGHz_Phy/sx1276.o
 .ARM.attributes
                0x000005ec       0x2c ./Utilities/stm32_adv_trace.o
 .ARM.attributes
                0x00000618       0x2c ./Utilities/stm32_lpm.o
 .ARM.attributes
                0x00000644       0x2c ./Utilities/stm32_mem.o
 .ARM.attributes
                0x00000670       0x2c ./Utilities/stm32_seq.o
 .ARM.attributes
                0x0000069c       0x2c ./Utilities/stm32_systime.o
 .ARM.attributes
                0x000006c8       0x2c ./Utilities/stm32_timer.o
 .ARM.attributes
                0x000006f4       0x2c ./Utilities/stm32_tiny_vsnprintf.o
 .ARM.attributes
                0x00000720       0x2c /opt/st/stm32cubeide_2.1.1/plugins/com.st.stm32cube.ide.mcu.externaltools.gnu-tools-for-stm32.14.3.rel1.linux64_1.0.100.202602081740/tools/bin/../lib/gcc/arm-none-eabi/14.3.1/../../../../arm-none-eabi/lib/thumb/v6-m/nofp/libc_nano.a(libc_a-memset.o)
 .ARM.attributes
                0x0000074c       0x2c /opt/st/stm32cubeide_2.1.1/plugins/com.st.stm32cube.ide.mcu.externaltools.gnu-tools-for-stm32.14.3.rel1.linux64_1.0.100.202602081740/tools/bin/../lib/gcc/arm-none-eabi/14.3.1/../../../../arm-none-eabi/lib/thumb/v6-m/nofp/libc_nano.a(libc_a-init.o)
 .ARM.attributes
                0x00000778       0x2c /opt/st/stm32cubeide_2.1.1/plugins/com.st.stm32cube.ide.mcu.externaltools.gnu-tools-for-stm32.14.3.rel1.linux64_1.0.100.202602081740/tools/bin/../lib/gcc/arm-none-eabi/14.3.1/../../../../arm-none-eabi/lib/thumb/v6-m/nofp/libc_nano.a(libc_a-memcpy-stub.o)
 .ARM.attributes
                0x000007a4       0x1c /opt/st/stm32cubeide_2.1.1/plugins/com.st.stm32cube.ide.mcu.externaltools.gnu-tools-for-stm32.14.3.rel1.linux64_1.0.100.202602081740/tools/bin/../lib/gcc/arm-none-eabi/14.3.1/../../../../arm-none-eabi/lib/thumb/v6-m/nofp/libc_nano.a(libc_a-strlen.o)
 .ARM.attributes
                0x000007c0       0x1e /opt/st/stm32cubeide_2.1.1/plugins/com.st.stm32cube.ide.mcu.externaltools.gnu-tools-for-stm32.14.3.rel1.linux64_1.0.100.202602081740/tools/bin/../lib/gcc/arm-none-eabi/14.3.1/thumb/v6-m/nofp/libgcc.a(_thumb1_case_uqi.o)
 .ARM.attributes
                0x000007de       0x1e /opt/st/stm32cubeide_2.1.1/plugins/com.st.stm32cube.ide.mcu.externaltools.gnu-tools-for-stm32.14.3.rel1.linux64_1.0.100.202602081740/tools/bin/../lib/gcc/arm-none-eabi/14.3.1/thumb/v6-m/nofp/libgcc.a(_udivsi3.o)
 .ARM.attributes
                0x000007fc       0x1e /opt/st/stm32cubeide_2.1.1/plugins/com.st.stm32cube.ide.mcu.externaltools.gnu-tools-for-stm32.14.3.rel1.linux64_1.0.100.202602081740/tools/bin/../lib/gcc/arm-none-eabi/14.3.1/thumb/v6-m/nofp/libgcc.a(_divsi3.o)
 .ARM.attributes
                0x0000081a       0x1e /opt/st/stm32cubeide_2.1.1/plugins/com.st.stm32cube.ide.mcu.externaltools.gnu-tools-for-stm32.14.3.rel1.linux64_1.0.100.202602081740/tools/bin/../lib/gcc/arm-none-eabi/14.3.1/thumb/v6-m/nofp/libgcc.a(_dvmd_tls.o)
 .ARM.attributes
                0x00000838       0x1e /opt/st/stm32cubeide_2.1.1/plugins/com.st.stm32cube.ide.mcu.externaltools.gnu-tools-for-stm32.14.3.rel1.linux64_1.0.100.202602081740/tools/bin/../lib/gcc/arm-none-eabi/14.3.1/thumb/v6-m/nofp/libgcc.a(_aeabi_uldivmod.o)
 .ARM.attributes
                0x00000856       0x2c /opt/st/stm32cubeide_2.1.1/plugins/com.st.stm32cube.ide.mcu.externaltools.gnu-tools-for-stm32.14.3.rel1.linux64_1.0.100.202602081740/tools/bin/../lib/gcc/arm-none-eabi/14.3.1/thumb/v6-m/nofp/libgcc.a(_muldi3.o)
 .ARM.attributes
                0x00000882       0x2c /opt/st/stm32cubeide_2.1.1/plugins/com.st.stm32cube.ide.mcu.externaltools.gnu-tools-for-stm32.14.3.rel1.linux64_1.0.100.202602081740/tools/bin/../lib/gcc/arm-none-eabi/14.3.1/thumb/v6-m/nofp/libgcc.a(_udivmoddi4.o)
 .ARM.attributes
                0x000008ae       0x1e /opt/st/stm32cubeide_2.1.1/plugins/com.st.stm32cube.ide.mcu.externaltools.gnu-tools-for-stm32.14.3.rel1.linux64_1.0.100.202602081740/tools/bin/../lib/gcc/arm-none-eabi/14.3.1/thumb/v6-m/nofp/libgcc.a(_clzdi2.o)
 .ARM.attributes
                0x000008cc       0x1e /opt/st/stm32cubeide_2.1.1/plugins/com.st.stm32cube.ide.mcu.externaltools.gnu-tools-for-stm32.14.3.rel1.linux64_1.0.100.202602081740/tools/bin/../lib/gcc/arm-none-eabi/14.3.1/thumb/v6-m/nofp/libgcc.a(_clzsi2.o)
 .ARM.attributes
                0x000008ea       0x1e /opt/st/stm32cubeide_2.1.1/plugins/com.st.stm32cube.ide.mcu.externaltools.gnu-tools-for-stm32.14.3.rel1.linux64_1.0.100.202602081740/tools/bin/../lib/gcc/arm-none-eabi/14.3.1/thumb/v6-m/nofp/crtn.o
OUTPUT(cmwx1zzabz_0xx.elf elf32-littlearm)
LOAD linker stubs
LOAD /opt/st/stm32cubeide_2.1.1/plugins/com.st.stm32cube.ide.mcu.externaltools.gnu-tools-for-stm32.14.3.rel1.linux64_1.0.100.202602081740/tools/bin/../lib/gcc/arm-none-eabi/14.3.1/../../../../arm-none-eabi/lib/thumb/v6-m/nofp/libc.a
LOAD /opt/st/stm32cubeide_2.1.1/plugins/com.st.stm32cube.ide.mcu.externaltools.gnu-tools-for-stm32.14.3.rel1.linux64_1.0.100.202602081740/tools/bin/../lib/gcc/arm-none-eabi/14.3.1/../../../../arm-none-eabi/lib/thumb/v6-m/nofp/libm.a
LOAD /opt/st/stm32cubeide_2.1.1/plugins/com.st.stm32cube.ide.mcu.externaltools.gnu-tools-for-stm32.14.3.rel1.linux64_1.0.100.202602081740/tools/bin/../lib/gcc/arm-none-eabi/14.3.1/thumb/v6-m/nofp/libgcc.a

.debug_info     0x00000000    0x1c5db
 .debug_info    0x00000000      0x10f ./Application/App/app_subghz_phy.o
 .debug_info    0x0000010f     0x1156 ./Application/App/subghz_phy_app.o
 .debug_info    0x00001265      0x317 ./Application/Core/dma.o
 .debug_info    0x0000157c      0x544 ./Application/Core/main.o
 .debug_info    0x00001ac0      0xaa7 ./Application/Core/rtc.o
 .debug_info    0x00002567     0x1185 ./Application/Core/rtc_if.o
 .debug_info    0x000036ec      0x467 ./Application/Core/stm32_lpm_if.o
 .debug_info    0x00003b53      0x29a ./Application/Core/stm32l0xx_hal_msp.o
 .debug_info    0x00003ded      0xa43 ./Application/Core/stm32l0xx_it.o
 .debug_info    0x00004830      0x9f8 ./Application/Core/sys_app.o
 .debug_info    0x00005228      0x3fa ./Application/Core/sys_debug.o
 .debug_info    0x00005622      0xce8 ./Application/Core/usart.o
 .debug_info    0x0000630a      0xd61 ./Application/Core/usart_if.o
 .debug_info    0x0000706b       0x30 ./Application/SW4STM32/startup_stm32l072xx.o
 .debug_info    0x0000709b      0xd68 ./Application/Target/b_l072z_lrwan1_bus.o
 .debug_info    0x00007e03      0xa63 ./Drivers/BSP/B-L072Z-LRWAN1/b-l072z-lrwan1.o
 .debug_info    0x00008866     0x15f3 ./Drivers/BSP/CMWX1ZZABZ_0xx/cmwx1zzabz_0xx.o
 .debug_info    0x00009e59      0x3ca ./Drivers/CMSIS/system_stm32l0xx.o
 .debug_info    0x0000a223      0x989 ./Drivers/STM32L0xx_HAL_Driver/stm32l0xx_hal.o
 .debug_info    0x0000abac      0x9e9 ./Drivers/STM32L0xx_HAL_Driver/stm32l0xx_hal_cortex.o
 .debug_info    0x0000b595      0x847 ./Drivers/STM32L0xx_HAL_Driver/stm32l0xx_hal_dma.o
 .debug_info    0x0000bddc      0x578 ./Drivers/STM32L0xx_HAL_Driver/stm32l0xx_hal_exti.o
 .debug_info    0x0000c354      0x663 ./Drivers/STM32L0xx_HAL_Driver/stm32l0xx_hal_gpio.o
 .debug_info    0x0000c9b7      0x64e ./Drivers/STM32L0xx_HAL_Driver/stm32l0xx_hal_pwr.o
 .debug_info    0x0000d005      0x1aa ./Drivers/STM32L0xx_HAL_Driver/stm32l0xx_hal_pwr_ex.o
 .debug_info    0x0000d1af      0xcfc ./Drivers/STM32L0xx_HAL_Driver/stm32l0xx_hal_rcc.o
 .debug_info    0x0000deab      0x8f4 ./Drivers/STM32L0xx_HAL_Driver/stm32l0xx_hal_rcc_ex.o
 .debug_info    0x0000e79f      0xe2f ./Drivers/STM32L0xx_HAL_Driver/stm32l0xx_hal_rtc.o
 .debug_info    0x0000f5ce     0x10b4 ./Drivers/STM32L0xx_HAL_Driver/stm32l0xx_hal_rtc_ex.o
 .debug_info    0x00010682     0x1f95 ./Drivers/STM32L0xx_HAL_Driver/stm32l0xx_hal_spi.o
 .debug_info    0x00012617     0x1f11 ./Drivers/STM32L0xx_HAL_Driver/stm32l0xx_hal_uart.o
 .debug_info    0x00014528      0xbfa ./Drivers/STM32L0xx_HAL_Driver/stm32l0xx_hal_uart_ex.o
 .debug_info    0x00015122     0x3a4b ./Middlewares/SubGHz_Phy/sx1276.o
 .debug_info    0x00018b6d      0xfad ./Utilities/stm32_adv_trace.o
 .debug_info    0x00019b1a      0x3f1 ./Utilities/stm32_lpm.o
 .debug_info    0x00019f0b      0x1ec ./Utilities/stm32_mem.o
 .debug_info    0x0001a0f7      0xabd ./Utilities/stm32_seq.o
 .debug_info    0x0001abb4      0xa22 ./Utilities/stm32_systime.o
 .debug_info    0x0001b5d6      0xc26 ./Utilities/stm32_timer.o
 .debug_info    0x0001c1fc      0x3df ./Utilities/stm32_tiny_vsnprintf.o

.debug_abbrev   0x00000000     0x618a
 .debug_abbrev  0x00000000       0xba ./Application/App/app_subghz_phy.o
 .debug_abbrev  0x000000ba      0x282 ./Application/App/subghz_phy_app.o
 .debug_abbrev  0x0000033c      0x119 ./Application/Core/dma.o
 .debug_abbrev  0x00000455      0x20f ./Application/Core/main.o
 .debug_abbrev  0x00000664      0x1bd ./Application/Core/rtc.o
 .debug_abbrev  0x00000821      0x400 ./Application/Core/rtc_if.o
 .debug_abbrev  0x00000c21      0x29d ./Application/Core/stm32_lpm_if.o
 .debug_abbrev  0x00000ebe       0xe6 ./Application/Core/stm32l0xx_hal_msp.o
 .debug_abbrev  0x00000fa4      0x1f7 ./Application/Core/stm32l0xx_it.o
 .debug_abbrev  0x0000119b      0x364 ./Application/Core/sys_app.o
 .debug_abbrev  0x000014ff      0x1b9 ./Application/Core/sys_debug.o
 .debug_abbrev  0x000016b8      0x244 ./Application/Core/usart.o
 .debug_abbrev  0x000018fc      0x2a7 ./Application/Core/usart_if.o
 .debug_abbrev  0x00001ba3       0x24 ./Application/SW4STM32/startup_stm32l072xx.o
 .debug_abbrev  0x00001bc7      0x2f4 ./Application/Target/b_l072z_lrwan1_bus.o
 .debug_abbrev  0x00001ebb      0x299 ./Drivers/BSP/B-L072Z-LRWAN1/b-l072z-lrwan1.o
 .debug_abbrev  0x00002154      0x41f ./Drivers/BSP/CMWX1ZZABZ_0xx/cmwx1zzabz_0xx.o
 .debug_abbrev  0x00002573      0x136 ./Drivers/CMSIS/system_stm32l0xx.o
 .debug_abbrev  0x000026a9      0x300 ./Drivers/STM32L0xx_HAL_Driver/stm32l0xx_hal.o
 .debug_abbrev  0x000029a9      0x2ba ./Drivers/STM32L0xx_HAL_Driver/stm32l0xx_hal_cortex.o
 .debug_abbrev  0x00002c63      0x218 ./Drivers/STM32L0xx_HAL_Driver/stm32l0xx_hal_dma.o
 .debug_abbrev  0x00002e7b      0x1f4 ./Drivers/STM32L0xx_HAL_Driver/stm32l0xx_hal_exti.o
 .debug_abbrev  0x0000306f      0x1f2 ./Drivers/STM32L0xx_HAL_Driver/stm32l0xx_hal_gpio.o
 .debug_abbrev  0x00003261      0x181 ./Drivers/STM32L0xx_HAL_Driver/stm32l0xx_hal_pwr.o
 .debug_abbrev  0x000033e2      0x11f ./Drivers/STM32L0xx_HAL_Driver/stm32l0xx_hal_pwr_ex.o
 .debug_abbrev  0x00003501      0x2ee ./Drivers/STM32L0xx_HAL_Driver/stm32l0xx_hal_rcc.o
 .debug_abbrev  0x000037ef      0x250 ./Drivers/STM32L0xx_HAL_Driver/stm32l0xx_hal_rcc_ex.o
 .debug_abbrev  0x00003a3f      0x226 ./Drivers/STM32L0xx_HAL_Driver/stm32l0xx_hal_rtc.o
 .debug_abbrev  0x00003c65      0x258 ./Drivers/STM32L0xx_HAL_Driver/stm32l0xx_hal_rtc_ex.o
 .debug_abbrev  0x00003ebd      0x318 ./Drivers/STM32L0xx_HAL_Driver/stm32l0xx_hal_spi.o
 .debug_abbrev  0x000041d5      0x378 ./Drivers/STM32L0xx_HAL_Driver/stm32l0xx_hal_uart.o
 .debug_abbrev  0x0000454d      0x29b ./Drivers/STM32L0xx_HAL_Driver/stm32l0xx_hal_uart_ex.o
 .debug_abbrev  0x000047e8      0x51a ./Middlewares/SubGHz_Phy/sx1276.o
 .debug_abbrev  0x00004d02      0x47e ./Utilities/stm32_adv_trace.o
 .debug_abbrev  0x00005180      0x23b ./Utilities/stm32_lpm.o
 .debug_abbrev  0x000053bb       0xe9 ./Utilities/stm32_mem.o
 .debug_abbrev  0x000054a4      0x333 ./Utilities/stm32_seq.o
 .debug_abbrev  0x000057d7      0x3a5 ./Utilities/stm32_systime.o
 .debug_abbrev  0x00005b7c      0x411 ./Utilities/stm32_timer.o
 .debug_abbrev  0x00005f8d      0x1fd ./Utilities/stm32_tiny_vsnprintf.o

.debug_aranges  0x00000000     0x14d8
 .debug_aranges
                0x00000000       0x28 ./Application/App/app_subghz_phy.o
 .debug_aranges
                0x00000028       0x58 ./Application/App/subghz_phy_app.o
 .debug_aranges
                0x00000080       0x20 ./Application/Core/dma.o
 .debug_aranges
                0x000000a0       0x30 ./Application/Core/main.o
 .debug_aranges
                0x000000d0       0x30 ./Application/Core/rtc.o
 .debug_aranges
                0x00000100       0xa8 ./Application/Core/rtc_if.o
 .debug_aranges
                0x000001a8       0x48 ./Application/Core/stm32_lpm_if.o
 .debug_aranges
                0x000001f0       0x20 ./Application/Core/stm32l0xx_hal_msp.o
 .debug_aranges
                0x00000210       0x90 ./Application/Core/stm32l0xx_it.o
 .debug_aranges
                0x000002a0       0x60 ./Application/Core/sys_app.o
 .debug_aranges
                0x00000300       0x30 ./Application/Core/sys_debug.o
 .debug_aranges
                0x00000330       0x30 ./Application/Core/usart.o
 .debug_aranges
                0x00000360       0x58 ./Application/Core/usart_if.o
 .debug_aranges
                0x000003b8       0x28 ./Application/SW4STM32/startup_stm32l072xx.o
 .debug_aranges
                0x000003e0       0x50 ./Application/Target/b_l072z_lrwan1_bus.o
 .debug_aranges
                0x00000430       0x50 ./Drivers/BSP/B-L072Z-LRWAN1/b-l072z-lrwan1.o
 .debug_aranges
                0x00000480       0x90 ./Drivers/BSP/CMWX1ZZABZ_0xx/cmwx1zzabz_0xx.o
 .debug_aranges
                0x00000510       0x28 ./Drivers/CMSIS/system_stm32l0xx.o
 .debug_aranges
                0x00000538      0x110 ./Drivers/STM32L0xx_HAL_Driver/stm32l0xx_hal.o
 .debug_aranges
                0x00000648       0x90 ./Drivers/STM32L0xx_HAL_Driver/stm32l0xx_hal_cortex.o
 .debug_aranges
                0x000006d8       0x78 ./Drivers/STM32L0xx_HAL_Driver/stm32l0xx_hal_dma.o
 .debug_aranges
                0x00000750       0x60 ./Drivers/STM32L0xx_HAL_Driver/stm32l0xx_hal_exti.o
 .debug_aranges
                0x000007b0       0x58 ./Drivers/STM32L0xx_HAL_Driver/stm32l0xx_hal_gpio.o
 .debug_aranges
                0x00000808       0xa0 ./Drivers/STM32L0xx_HAL_Driver/stm32l0xx_hal_pwr.o
 .debug_aranges
                0x000008a8       0x50 ./Drivers/STM32L0xx_HAL_Driver/stm32l0xx_hal_pwr_ex.o
 .debug_aranges
                0x000008f8       0x80 ./Drivers/STM32L0xx_HAL_Driver/stm32l0xx_hal_rcc.o
 .debug_aranges
                0x00000978       0xb0 ./Drivers/STM32L0xx_HAL_Driver/stm32l0xx_hal_rcc_ex.o
 .debug_aranges
                0x00000a28       0xb8 ./Drivers/STM32L0xx_HAL_Driver/stm32l0xx_hal_rtc.o
 .debug_aranges
                0x00000ae0      0x130 ./Drivers/STM32L0xx_HAL_Driver/stm32l0xx_hal_rtc_ex.o
 .debug_aranges
                0x00000c10      0x1f0 ./Drivers/STM32L0xx_HAL_Driver/stm32l0xx_hal_spi.o
 .debug_aranges
                0x00000e00      0x218 ./Drivers/STM32L0xx_HAL_Driver/stm32l0xx_hal_uart.o
 .debug_aranges
                0x00001018       0x70 ./Drivers/STM32L0xx_HAL_Driver/stm32l0xx_hal_uart_ex.o
 .debug_aranges
                0x00001088      0x120 ./Middlewares/SubGHz_Phy/sx1276.o
 .debug_aranges
                0x000011a8       0xe0 ./Utilities/stm32_adv_trace.o
 .debug_aranges
                0x00001288       0x48 ./Utilities/stm32_lpm.o
 .debug_aranges
                0x000012d0       0x30 ./Utilities/stm32_mem.o
 .debug_aranges
                0x00001300       0xa8 ./Utilities/stm32_seq.o
 .debug_aranges
                0x000013a8       0x68 ./Utilities/stm32_systime.o
 .debug_aranges
                0x00001410       0xa8 ./Utilities/stm32_timer.o
 .debug_aranges
                0x000014b8       0x20 ./Utilities/stm32_tiny_vsnprintf.o

.debug_rnglists
                0x00000000     0x1455
 .debug_rnglists
                0x00000000       0x19 ./Application/App/app_subghz_phy.o
 .debug_rnglists
                0x00000019       0x3f ./Application/App/subghz_phy_app.o
 .debug_rnglists
                0x00000058       0x2b ./Application/Core/dma.o
 .debug_rnglists
                0x00000083       0x20 ./Application/Core/main.o
 .debug_rnglists
                0x000000a3       0x20 ./Application/Core/rtc.o
 .debug_rnglists
                0x000000c3       0xb4 ./Application/Core/rtc_if.o
 .debug_rnglists
                0x00000177       0x49 ./Application/Core/stm32_lpm_if.o
 .debug_rnglists
                0x000001c0       0x13 ./Application/Core/stm32l0xx_hal_msp.o
 .debug_rnglists
                0x000001d3       0x67 ./Application/Core/stm32l0xx_it.o
 .debug_rnglists
                0x0000023a       0x8d ./Application/Core/sys_app.o
 .debug_rnglists
                0x000002c7       0x31 ./Application/Core/sys_debug.o
 .debug_rnglists
                0x000002f8       0x2c ./Application/Core/usart.o
 .debug_rnglists
                0x00000324       0x3d ./Application/Core/usart_if.o
 .debug_rnglists
                0x00000361       0x19 ./Application/SW4STM32/startup_stm32l072xx.o
 .debug_rnglists
                0x0000037a       0x50 ./Application/Target/b_l072z_lrwan1_bus.o
 .debug_rnglists
                0x000003ca       0x57 ./Drivers/BSP/B-L072Z-LRWAN1/b-l072z-lrwan1.o
 .debug_rnglists
                0x00000421      0x12c ./Drivers/BSP/CMWX1ZZABZ_0xx/cmwx1zzabz_0xx.o
 .debug_rnglists
                0x0000054d       0x1a ./Drivers/CMSIS/system_stm32l0xx.o
 .debug_rnglists
                0x00000567       0xc7 ./Drivers/STM32L0xx_HAL_Driver/stm32l0xx_hal.o
 .debug_rnglists
                0x0000062e       0x97 ./Drivers/STM32L0xx_HAL_Driver/stm32l0xx_hal_cortex.o
 .debug_rnglists
                0x000006c5       0x76 ./Drivers/STM32L0xx_HAL_Driver/stm32l0xx_hal_dma.o
 .debug_rnglists
                0x0000073b       0x45 ./Drivers/STM32L0xx_HAL_Driver/stm32l0xx_hal_exti.o
 .debug_rnglists
                0x00000780       0x3f ./Drivers/STM32L0xx_HAL_Driver/stm32l0xx_hal_gpio.o
 .debug_rnglists
                0x000007bf       0x73 ./Drivers/STM32L0xx_HAL_Driver/stm32l0xx_hal_pwr.o
 .debug_rnglists
                0x00000832       0x37 ./Drivers/STM32L0xx_HAL_Driver/stm32l0xx_hal_pwr_ex.o
 .debug_rnglists
                0x00000869       0xa9 ./Drivers/STM32L0xx_HAL_Driver/stm32l0xx_hal_rcc.o
 .debug_rnglists
                0x00000912       0x82 ./Drivers/STM32L0xx_HAL_Driver/stm32l0xx_hal_rcc_ex.o
 .debug_rnglists
                0x00000994       0x8d ./Drivers/STM32L0xx_HAL_Driver/stm32l0xx_hal_rtc.o
 .debug_rnglists
                0x00000a21       0xe8 ./Drivers/STM32L0xx_HAL_Driver/stm32l0xx_hal_rtc_ex.o
 .debug_rnglists
                0x00000b09      0x206 ./Drivers/STM32L0xx_HAL_Driver/stm32l0xx_hal_spi.o
 .debug_rnglists
                0x00000d0f      0x1aa ./Drivers/STM32L0xx_HAL_Driver/stm32l0xx_hal_uart.o
 .debug_rnglists
                0x00000eb9       0x52 ./Drivers/STM32L0xx_HAL_Driver/stm32l0xx_hal_uart_ex.o
 .debug_rnglists
                0x00000f0b      0x1be ./Middlewares/SubGHz_Phy/sx1276.o
 .debug_rnglists
                0x000010c9       0xd8 ./Utilities/stm32_adv_trace.o
 .debug_rnglists
                0x000011a1       0x55 ./Utilities/stm32_lpm.o
 .debug_rnglists
                0x000011f6       0x1f ./Utilities/stm32_mem.o
 .debug_rnglists
                0x00001215       0xc2 ./Utilities/stm32_seq.o
 .debug_rnglists
                0x000012d7       0x97 ./Utilities/stm32_systime.o
 .debug_rnglists
                0x0000136e       0xb6 ./Utilities/stm32_timer.o
 .debug_rnglists
                0x00001424       0x31 ./Utilities/stm32_tiny_vsnprintf.o

.debug_macro    0x00000000    0x1cb57
 .debug_macro   0x00000000      0x1bc ./Application/App/app_subghz_phy.o
 .debug_macro   0x000001bc      0xaae ./Application/App/app_subghz_phy.o
 .debug_macro   0x00000c6a       0x58 ./Application/App/app_subghz_phy.o
 .debug_macro   0x00000cc2       0x22 ./Application/App/app_subghz_phy.o
 .debug_macro   0x00000ce4       0x8e ./Application/App/app_subghz_phy.o
 .debug_macro   0x00000d72       0x51 ./Application/App/app_subghz_phy.o
 .debug_macro   0x00000dc3      0x103 ./Application/App/app_subghz_phy.o
 .debug_macro   0x00000ec6       0x6a ./Application/App/app_subghz_phy.o
 .debug_macro   0x00000f30      0x1df ./Application/App/app_subghz_phy.o
 .debug_macro   0x0000110f       0x28 ./Application/App/app_subghz_phy.o
 .debug_macro   0x00001137       0xd1 ./Application/App/app_subghz_phy.o
 .debug_macro   0x00001208       0x10 ./Application/App/app_subghz_phy.o
 .debug_macro   0x00001218       0x58 ./Application/App/app_subghz_phy.o
 .debug_macro   0x00001270       0x61 ./Application/App/app_subghz_phy.o
 .debug_macro   0x000012d1       0x24 ./Application/App/app_subghz_phy.o
 .debug_macro   0x000012f5       0x43 ./Application/App/app_subghz_phy.o
 .debug_macro   0x00001338       0x34 ./Application/App/app_subghz_phy.o
 .debug_macro   0x0000136c      0x190 ./Application/App/app_subghz_phy.o
 .debug_macro   0x000014fc      0x364 ./Application/App/app_subghz_phy.o
 .debug_macro   0x00001860       0x16 ./Application/App/app_subghz_phy.o
 .debug_macro   0x00001876       0x4a ./Application/App/app_subghz_phy.o
 .debug_macro   0x000018c0       0x34 ./Application/App/app_subghz_phy.o
 .debug_macro   0x000018f4       0x10 ./Application/App/app_subghz_phy.o
 .debug_macro   0x00001904       0x58 ./Application/App/app_subghz_phy.o
 .debug_macro   0x0000195c       0x8e ./Application/App/app_subghz_phy.o
 .debug_macro   0x000019ea       0x1c ./Application/App/app_subghz_phy.o
 .debug_macro   0x00001a06      0x17e ./Application/App/app_subghz_phy.o
 .debug_macro   0x00001b84       0x10 ./Application/App/app_subghz_phy.o
 .debug_macro   0x00001b94       0x3c ./Application/App/app_subghz_phy.o
 .debug_macro   0x00001bd0       0x20 ./Application/App/app_subghz_phy.o
 .debug_macro   0x00001bf0       0xbd ./Application/App/app_subghz_phy.o
 .debug_macro   0x00001cad       0x34 ./Application/App/app_subghz_phy.o
 .debug_macro   0x00001ce1       0x16 ./Application/App/app_subghz_phy.o
 .debug_macro   0x00001cf7      0x3e5 ./Application/App/subghz_phy_app.o
 .debug_macro   0x000020dc       0x22 ./Application/App/subghz_phy_app.o
 .debug_macro   0x000020fe       0x2e ./Application/App/subghz_phy_app.o
 .debug_macro   0x0000212c       0x28 ./Application/App/subghz_phy_app.o
 .debug_macro   0x00002154       0x1c ./Application/App/subghz_phy_app.o
 .debug_macro   0x00002170       0x22 ./Application/App/subghz_phy_app.o
 .debug_macro   0x00002192      0x4da ./Application/App/subghz_phy_app.o
 .debug_macro   0x0000266c      0x11f ./Application/App/subghz_phy_app.o
 .debug_macro   0x0000278b     0xa0fd ./Application/App/subghz_phy_app.o
 .debug_macro   0x0000c888       0x3c ./Application/App/subghz_phy_app.o
 .debug_macro   0x0000c8c4      0x137 ./Application/App/subghz_phy_app.o
 .debug_macro   0x0000c9fb     0x352b ./Application/App/subghz_phy_app.o
 .debug_macro   0x0000ff26       0x5b ./Application/App/subghz_phy_app.o
 .debug_macro   0x0000ff81      0x8eb ./Application/App/subghz_phy_app.o
 .debug_macro   0x0001086c      0xb52 ./Application/App/subghz_phy_app.o
 .debug_macro   0x000113be      0x13f ./Application/App/subghz_phy_app.o
 .debug_macro   0x000114fd      0x1ca ./Application/App/subghz_phy_app.o
 .debug_macro   0x000116c7      0x28e ./Application/App/subghz_phy_app.o
 .debug_macro   0x00011955      0x197 ./Application/App/subghz_phy_app.o
 .debug_macro   0x00011aec      0x1e9 ./Application/App/subghz_phy_app.o
 .debug_macro   0x00011cd5      0x13e ./Application/App/subghz_phy_app.o
 .debug_macro   0x00011e13      0x4b5 ./Application/App/subghz_phy_app.o
 .debug_macro   0x000122c8      0x22c ./Application/App/subghz_phy_app.o
 .debug_macro   0x000124f4       0x5b ./Application/App/subghz_phy_app.o
 .debug_macro   0x0001254f       0xa5 ./Application/App/subghz_phy_app.o
 .debug_macro   0x000125f4      0x18d ./Application/App/subghz_phy_app.o
 .debug_macro   0x00012781       0x16 ./Application/App/subghz_phy_app.o
 .debug_macro   0x00012797      0x30c ./Application/App/subghz_phy_app.o
 .debug_macro   0x00012aa3      0x418 ./Application/App/subghz_phy_app.o
 .debug_macro   0x00012ebb       0xdd ./Application/App/subghz_phy_app.o
 .debug_macro   0x00012f98      0x22c ./Application/App/subghz_phy_app.o
 .debug_macro   0x000131c4      0x773 ./Application/App/subghz_phy_app.o
 .debug_macro   0x00013937       0xfc ./Application/App/subghz_phy_app.o
 .debug_macro   0x00013a33      0x5ba ./Application/App/subghz_phy_app.o
 .debug_macro   0x00013fed       0x44 ./Application/App/subghz_phy_app.o
 .debug_macro   0x00014031      0x170 ./Application/App/subghz_phy_app.o
 .debug_macro   0x000141a1       0x82 ./Application/App/subghz_phy_app.o
 .debug_macro   0x00014223       0x16 ./Application/App/subghz_phy_app.o
 .debug_macro   0x00014239       0x16 ./Application/App/subghz_phy_app.o
 .debug_macro   0x0001424f       0x29 ./Application/App/subghz_phy_app.o
 .debug_macro   0x00014278       0xe0 ./Application/App/subghz_phy_app.o
 .debug_macro   0x00014358       0x58 ./Application/App/subghz_phy_app.o
 .debug_macro   0x000143b0       0x16 ./Application/App/subghz_phy_app.o
 .debug_macro   0x000143c6       0x40 ./Application/App/subghz_phy_app.o
 .debug_macro   0x00014406      0x200 ./Application/Core/dma.o
 .debug_macro   0x00014606      0x200 ./Application/Core/main.o
 .debug_macro   0x00014806      0x200 ./Application/Core/rtc.o
 .debug_macro   0x00014a06      0x488 ./Application/Core/rtc_if.o
 .debug_macro   0x00014e8e       0x5b ./Application/Core/rtc_if.o
 .debug_macro   0x00014ee9       0x94 ./Application/Core/rtc_if.o
 .debug_macro   0x00014f7d       0x57 ./Application/Core/rtc_if.o
 .debug_macro   0x00014fd4      0x19b ./Application/Core/rtc_if.o
 .debug_macro   0x0001516f       0x55 ./Application/Core/rtc_if.o
 .debug_macro   0x000151c4       0x16 ./Application/Core/rtc_if.o
 .debug_macro   0x000151da       0x10 ./Application/Core/rtc_if.o
 .debug_macro   0x000151ea       0x10 ./Application/Core/rtc_if.o
 .debug_macro   0x000151fa       0x10 ./Application/Core/rtc_if.o
 .debug_macro   0x0001520a       0x1c ./Application/Core/rtc_if.o
 .debug_macro   0x00015226       0x52 ./Application/Core/rtc_if.o
 .debug_macro   0x00015278       0x22 ./Application/Core/rtc_if.o
 .debug_macro   0x0001529a       0x10 ./Application/Core/rtc_if.o
 .debug_macro   0x000152aa       0x52 ./Application/Core/rtc_if.o
 .debug_macro   0x000152fc       0xcf ./Application/Core/rtc_if.o
 .debug_macro   0x000153cb       0x1c ./Application/Core/rtc_if.o
 .debug_macro   0x000153e7       0x3d ./Application/Core/rtc_if.o
 .debug_macro   0x00015424       0x35 ./Application/Core/rtc_if.o
 .debug_macro   0x00015459       0xa6 ./Application/Core/rtc_if.o
 .debug_macro   0x000154ff      0x3fe ./Application/Core/rtc_if.o
 .debug_macro   0x000158fd      0x401 ./Application/Core/stm32_lpm_if.o
 .debug_macro   0x00015cfe       0x81 ./Application/Core/stm32_lpm_if.o
 .debug_macro   0x00015d7f       0x16 ./Application/Core/stm32_lpm_if.o
 .debug_macro   0x00015d95       0x22 ./Application/Core/stm32_lpm_if.o
 .debug_macro   0x00015db7      0x178 ./Application/Core/stm32_lpm_if.o
 .debug_macro   0x00015f2f       0x10 ./Application/Core/stm32_lpm_if.o
 .debug_macro   0x00015f3f       0x58 ./Application/Core/stm32_lpm_if.o
 .debug_macro   0x00015f97      0x30f ./Application/Core/stm32l0xx_hal_msp.o
 .debug_macro   0x000162a6      0x3e3 ./Application/Core/stm32l0xx_it.o
 .debug_macro   0x00016689       0x10 ./Application/Core/stm32l0xx_it.o
 .debug_macro   0x00016699      0x503 ./Application/Core/sys_app.o
 .debug_macro   0x00016b9c       0x16 ./Application/Core/sys_app.o
 .debug_macro   0x00016bb2       0x9e ./Application/Core/sys_app.o
 .debug_macro   0x00016c50      0x112 ./Application/Core/sys_app.o
 .debug_macro   0x00016d62       0x10 ./Application/Core/sys_app.o
 .debug_macro   0x00016d72       0x16 ./Application/Core/sys_app.o
 .debug_macro   0x00016d88       0x16 ./Application/Core/sys_app.o
 .debug_macro   0x00016d9e      0x146 ./Application/Core/sys_app.o
 .debug_macro   0x00016ee4       0x4c ./Application/Core/sys_app.o
 .debug_macro   0x00016f30       0xc1 ./Application/Core/sys_app.o
 .debug_macro   0x00016ff1      0x309 ./Application/Core/sys_debug.o
 .debug_macro   0x000172fa      0x20a ./Application/Core/usart.o
 .debug_macro   0x00017504      0x325 ./Application/Core/usart_if.o
 .debug_macro   0x00017829      0x1ff ./Application/Target/b_l072z_lrwan1_bus.o
 .debug_macro   0x00017a28       0x64 ./Application/Target/b_l072z_lrwan1_bus.o
 .debug_macro   0x00017a8c       0x82 ./Application/Target/b_l072z_lrwan1_bus.o
 .debug_macro   0x00017b0e      0x2e0 ./Drivers/BSP/B-L072Z-LRWAN1/b-l072z-lrwan1.o
 .debug_macro   0x00017dee      0x3db ./Drivers/BSP/CMWX1ZZABZ_0xx/cmwx1zzabz_0xx.o
 .debug_macro   0x000181c9       0xdc ./Drivers/CMSIS/system_stm32l0xx.o
 .debug_macro   0x000182a5      0x20b ./Drivers/STM32L0xx_HAL_Driver/stm32l0xx_hal.o
 .debug_macro   0x000184b0      0x1e7 ./Drivers/STM32L0xx_HAL_Driver/stm32l0xx_hal_cortex.o
 .debug_macro   0x00018697      0x1e7 ./Drivers/STM32L0xx_HAL_Driver/stm32l0xx_hal_dma.o
 .debug_macro   0x0001887e      0x1e7 ./Drivers/STM32L0xx_HAL_Driver/stm32l0xx_hal_exti.o
 .debug_macro   0x00018a65      0x21f ./Drivers/STM32L0xx_HAL_Driver/stm32l0xx_hal_gpio.o
 .debug_macro   0x00018c84      0x1ff ./Drivers/STM32L0xx_HAL_Driver/stm32l0xx_hal_pwr.o
 .debug_macro   0x00018e83      0x1ed ./Drivers/STM32L0xx_HAL_Driver/stm32l0xx_hal_pwr_ex.o
 .debug_macro   0x00019070      0x21d ./Drivers/STM32L0xx_HAL_Driver/stm32l0xx_hal_rcc.o
 .debug_macro   0x0001928d      0x1e7 ./Drivers/STM32L0xx_HAL_Driver/stm32l0xx_hal_rcc_ex.o
 .debug_macro   0x00019474      0x1e8 ./Drivers/STM32L0xx_HAL_Driver/stm32l0xx_hal_rtc.o
 .debug_macro   0x0001965c      0x1ed ./Drivers/STM32L0xx_HAL_Driver/stm32l0xx_hal_rtc_ex.o
 .debug_macro   0x00019849      0x1f6 ./Drivers/STM32L0xx_HAL_Driver/stm32l0xx_hal_spi.o
 .debug_macro   0x00019a3f      0x212 ./Drivers/STM32L0xx_HAL_Driver/stm32l0xx_hal_uart.o
 .debug_macro   0x00019c51      0x1e7 ./Drivers/STM32L0xx_HAL_Driver/stm32l0xx_hal_uart_ex.o
 .debug_macro   0x00019e38      0x450 ./Middlewares/SubGHz_Phy/sx1276.o
 .debug_macro   0x0001a288       0x3a ./Middlewares/SubGHz_Phy/sx1276.o
 .debug_macro   0x0001a2c2     0x14bd ./Middlewares/SubGHz_Phy/sx1276.o
 .debug_macro   0x0001b77f      0x7a0 ./Middlewares/SubGHz_Phy/sx1276.o
 .debug_macro   0x0001bf1f       0x23 ./Middlewares/SubGHz_Phy/sx1276.o
 .debug_macro   0x0001bf42      0x1b3 ./Utilities/stm32_adv_trace.o