/home/l057-5n0w/Downloads/i-cube_lrwan/STM32CubeExpansion_LRWAN_V2.1.0/Projects/B-L072Z-LRWAN1/Applications/SubGHz_Phy/SubGHz_Phy_PingPong/Core/Src/main.c:108:6:SystemClock_Config	96	static,ignoring_inline_asm
/home/l057-5n0w/Downloads/i-cube_lrwan/STM32CubeExpansion_LRWAN_V2.1.0/Projects/B-L072Z-LRWAN1/Applications/SubGHz_Phy/SubGHz_Phy_PingPong/Core/Src/main.c:64:5:main	8	static
/home/l057-5n0w/Downloads/i-cube_lrwan/STM32CubeExpansion_LRWAN_V2.1.0/Projects/B-L072Z-LRWAN1/Applications/SubGHz_Phy/SubGHz_Phy_PingPong/Core/Src/main.c:156:6:Error_Handler	0	static,ignoring_inline_asm
