/home/l057-5n0w/Downloads/i-cube_lrwan/STM32CubeExpansion_LRWAN_V2.1.0/Drivers/BSP/CMWX1ZZABZ_0xx/cmwx1zzabz_0xx.c:142:10:CMWX1ZZABZ0XX_RADIO_GetWakeUpTime	0	static
/home/l057-5n0w/Downloads/i-cube_lrwan/STM32CubeExpansion_LRWAN_V2.1.0/Drivers/BSP/CMWX1ZZABZ_0xx/cmwx1zzabz_0xx.c:147:6:CMWX1ZZABZ0XX_RADIO_SetXO	8	static
/home/l057-5n0w/Downloads/i-cube_lrwan/STM32CubeExpansion_LRWAN_V2.1.0/Drivers/BSP/CMWX1ZZABZ_0xx/cmwx1zzabz_0xx.c:161:6:CMWX1ZZABZ0XX_RADIO_IoInit	112	static
/home/l057-5n0w/Downloads/i-cube_lrwan/STM32CubeExpansion_LRWAN_V2.1.0/Drivers/BSP/CMWX1ZZABZ_0xx/cmwx1zzabz_0xx.c:228:6:CMWX1ZZABZ0XX_RADIO_IoDeInit	64	static
/home/l057-5n0w/Downloads/i-cube_lrwan/STM32CubeExpansion_LRWAN_V2.1.0/Drivers/BSP/CMWX1ZZABZ_0xx/cmwx1zzabz_0xx.c:253:6:CMWX1ZZABZ0XX_RADIO_IoIrqInit	32	static,ignoring_inline_asm
/home/l057-5n0w/Downloads/i-cube_lrwan/STM32CubeExpansion_LRWAN_V2.1.0/Drivers/BSP/CMWX1ZZABZ_0xx/cmwx1zzabz_0xx.c:272:6:CMWX1ZZABZ0XX_RADIO_IRQHandler	8	static
/home/l057-5n0w/Downloads/i-cube_lrwan/STM32CubeExpansion_LRWAN_V2.1.0/Drivers/BSP/CMWX1ZZABZ_0xx/cmwx1zzabz_0xx.c:277:18:CMWX1ZZABZ0XX_RADIO_GetPaSelect	0	static
/home/l057-5n0w/Downloads/i-cube_lrwan/STM32CubeExpansion_LRWAN_V2.1.0/Drivers/BSP/CMWX1ZZABZ_0xx/cmwx1zzabz_0xx.c:284:6:CMWX1ZZABZ0XX_RADIO_SetAntSw	8	static
/home/l057-5n0w/Downloads/i-cube_lrwan/STM32CubeExpansion_LRWAN_V2.1.0/Drivers/BSP/CMWX1ZZABZ_0xx/cmwx1zzabz_0xx.c:322:6:CMWX1ZZABZ0XX_RADIO_CheckRfFrequency	0	static
/home/l057-5n0w/Downloads/i-cube_lrwan/STM32CubeExpansion_LRWAN_V2.1.0/Drivers/BSP/CMWX1ZZABZ_0xx/cmwx1zzabz_0xx.c:328:6:CMWX1ZZABZ0XX_RADIO_Reset	32	static
/home/l057-5n0w/Downloads/i-cube_lrwan/STM32CubeExpansion_LRWAN_V2.1.0/Drivers/BSP/CMWX1ZZABZ_0xx/cmwx1zzabz_0xx.c:354:6:CMWX1ZZABZ0XX_RADIO_Bus_Init	8	static
/home/l057-5n0w/Downloads/i-cube_lrwan/STM32CubeExpansion_LRWAN_V2.1.0/Drivers/BSP/CMWX1ZZABZ_0xx/cmwx1zzabz_0xx.c:359:6:CMWX1ZZABZ0XX_RADIO_Bus_deInit	8	static
/home/l057-5n0w/Downloads/i-cube_lrwan/STM32CubeExpansion_LRWAN_V2.1.0/Drivers/BSP/CMWX1ZZABZ_0xx/cmwx1zzabz_0xx.c:369:10:CMWX1ZZABZ0XX_RADIO_SendRecv	24	static
/home/l057-5n0w/Downloads/i-cube_lrwan/STM32CubeExpansion_LRWAN_V2.1.0/Drivers/BSP/CMWX1ZZABZ_0xx/cmwx1zzabz_0xx.c:379:6:CMWX1ZZABZ0XX_RADIO_ChipSelect	8	static
/home/l057-5n0w/Downloads/i-cube_lrwan/STM32CubeExpansion_LRWAN_V2.1.0/Drivers/BSP/CMWX1ZZABZ_0xx/cmwx1zzabz_0xx.c:391:10:CMWX1ZZABZ0XX_RADIO_GetDio1PinState	8	static
