/home/l057-5n0w/Downloads/i-cube_lrwan/STM32CubeExpansion_LRWAN_V2.1.0/Utilities/misc/stm32_systime.c:445:17:CalendarDiv61	8	static
/home/l057-5n0w/Downloads/i-cube_lrwan/STM32CubeExpansion_LRWAN_V2.1.0/Utilities/misc/stm32_systime.c:200:11:SysTimeAdd	16	static
/home/l057-5n0w/Downloads/i-cube_lrwan/STM32CubeExpansion_LRWAN_V2.1.0/Utilities/misc/stm32_systime.c:214:11:SysTimeSub	16	static
/home/l057-5n0w/Downloads/i-cube_lrwan/STM32CubeExpansion_LRWAN_V2.1.0/Utilities/misc/stm32_systime.c:228:6:SysTimeSet	32	static
/home/l057-5n0w/Downloads/i-cube_lrwan/STM32CubeExpansion_LRWAN_V2.1.0/Utilities/misc/stm32_systime.c:243:11:SysTimeGet	32	static
/home/l057-5n0w/Downloads/i-cube_lrwan/STM32CubeExpansion_LRWAN_V2.1.0/Utilities/misc/stm32_systime.c:260:11:SysTimeGetMcuTime	24	static
/home/l057-5n0w/Downloads/i-cube_lrwan/STM32CubeExpansion_LRWAN_V2.1.0/Utilities/misc/stm32_systime.c:269:10:SysTimeToMs	24	static
/home/l057-5n0w/Downloads/i-cube_lrwan/STM32CubeExpansion_LRWAN_V2.1.0/Utilities/misc/stm32_systime.c:279:11:SysTimeFromMs	32	static
/home/l057-5n0w/Downloads/i-cube_lrwan/STM32CubeExpansion_LRWAN_V2.1.0/Utilities/misc/stm32_systime.c:290:10:SysTimeMkTime	40	static
/home/l057-5n0w/Downloads/i-cube_lrwan/STM32CubeExpansion_LRWAN_V2.1.0/Utilities/misc/stm32_systime.c:319:6:SysTimeLocalTime	48	static
