/home/l057-5n0w/Downloads/i-cube_lrwan/STM32CubeExpansion_LRWAN_V2.1.0/Drivers/STM32L0xx_HAL_Driver/Src/stm32l0xx_hal_rcc.c:223:19:HAL_RCC_DeInit	32	static
/home/l057-5n0w/Downloads/i-cube_lrwan/STM32CubeExpansion_LRWAN_V2.1.0/Drivers/STM32L0xx_HAL_Driver/Src/stm32l0xx_hal_rcc.c:1120:6:HAL_RCC_MCOConfig	64	static
/home/l057-5n0w/Downloads/i-cube_lrwan/STM32CubeExpansion_LRWAN_V2.1.0/Drivers/STM32L0xx_HAL_Driver/Src/stm32l0xx_hal_rcc.c:1177:6:HAL_RCC_EnableCSS	0	static
/home/l057-5n0w/Downloads/i-cube_lrwan/STM32CubeExpansion_LRWAN_V2.1.0/Drivers/STM32L0xx_HAL_Driver/Src/stm32l0xx_hal_rcc.c:1213:10:HAL_RCC_GetSysClockFreq	16	static
/home/l057-5n0w/Downloads/i-cube_lrwan/STM32CubeExpansion_LRWAN_V2.1.0/Drivers/STM32L0xx_HAL_Driver/Src/stm32l0xx_hal_rcc.c:338:19:HAL_RCC_OscConfig	40	static
/home/l057-5n0w/Downloads/i-cube_lrwan/STM32CubeExpansion_LRWAN_V2.1.0/Drivers/STM32L0xx_HAL_Driver/Src/stm32l0xx_hal_rcc.c:859:19:HAL_RCC_ClockConfig	32	static
/home/l057-5n0w/Downloads/i-cube_lrwan/STM32CubeExpansion_LRWAN_V2.1.0/Drivers/STM32L0xx_HAL_Driver/Src/stm32l0xx_hal_rcc.c:1283:10:HAL_RCC_GetHCLKFreq	0	static
/home/l057-5n0w/Downloads/i-cube_lrwan/STM32CubeExpansion_LRWAN_V2.1.0/Drivers/STM32L0xx_HAL_Driver/Src/stm32l0xx_hal_rcc.c:1294:10:HAL_RCC_GetPCLK1Freq	0	static
/home/l057-5n0w/Downloads/i-cube_lrwan/STM32CubeExpansion_LRWAN_V2.1.0/Drivers/STM32L0xx_HAL_Driver/Src/stm32l0xx_hal_rcc.c:1306:10:HAL_RCC_GetPCLK2Freq	0	static
/home/l057-5n0w/Downloads/i-cube_lrwan/STM32CubeExpansion_LRWAN_V2.1.0/Drivers/STM32L0xx_HAL_Driver/Src/stm32l0xx_hal_rcc.c:1319:6:HAL_RCC_GetOscConfig	0	static
/home/l057-5n0w/Downloads/i-cube_lrwan/STM32CubeExpansion_LRWAN_V2.1.0/Drivers/STM32L0xx_HAL_Driver/Src/stm32l0xx_hal_rcc.c:1422:6:HAL_RCC_GetClockConfig	8	static
/home/l057-5n0w/Downloads/i-cube_lrwan/STM32CubeExpansion_LRWAN_V2.1.0/Drivers/STM32L0xx_HAL_Driver/Src/stm32l0xx_hal_rcc.c:1470:13:HAL_RCC_CSSCallback	0	static
/home/l057-5n0w/Downloads/i-cube_lrwan/STM32CubeExpansion_LRWAN_V2.1.0/Drivers/STM32L0xx_HAL_Driver/Src/stm32l0xx_hal_rcc.c:1453:6:HAL_RCC_NMI_IRQHandler	16	static
