/home/l057-5n0w/Downloads/i-cube_lrwan/STM32CubeExpansion_LRWAN_V2.1.0/Middlewares/Third_Party/SubGHz_Phy/sx1276/sx1276.c:404:14:SX1276GetStatus	0	static
/home/l057-5n0w/Downloads/i-cube_lrwan/STM32CubeExpansion_LRWAN_V2.1.0/Middlewares/Third_Party/SubGHz_Phy/sx1276/sx1276.c:1579:16:GetFskBandwidthRegValue	8	static
/home/l057-5n0w/Downloads/i-cube_lrwan/STM32CubeExpansion_LRWAN_V2.1.0/Middlewares/Third_Party/SubGHz_Phy/sx1276/sx1276.c:841:10:SX1276GetTimeOnAir	32	static
/home/l057-5n0w/Downloads/i-cube_lrwan/STM32CubeExpansion_LRWAN_V2.1.0/Middlewares/Third_Party/SubGHz_Phy/sx1276/sx1276.c:1543:10:SX1276GetWakeupTime	8	static
/home/l057-5n0w/Downloads/i-cube_lrwan/STM32CubeExpansion_LRWAN_V2.1.0/Middlewares/Third_Party/SubGHz_Phy/sx1276/sx1276.c:1464:6:SX1276WriteBuffer	16	static
/home/l057-5n0w/Downloads/i-cube_lrwan/STM32CubeExpansion_LRWAN_V2.1.0/Middlewares/Third_Party/SubGHz_Phy/sx1276/sx1276.c:1452:6:SX1276Write	16	static
/home/l057-5n0w/Downloads/i-cube_lrwan/STM32CubeExpansion_LRWAN_V2.1.0/Middlewares/Third_Party/SubGHz_Phy/sx1276/sx1276.c:409:6:SX1276SetChannel	16	static
/home/l057-5n0w/Downloads/i-cube_lrwan/STM32CubeExpansion_LRWAN_V2.1.0/Middlewares/Third_Party/SubGHz_Phy/sx1276/sx1276.c:1481:6:SX1276ReadBuffer	16	static
/home/l057-5n0w/Downloads/i-cube_lrwan/STM32CubeExpansion_LRWAN_V2.1.0/Middlewares/Third_Party/SubGHz_Phy/sx1276/sx1276.c:1457:9:SX1276Read	16	static
/home/l057-5n0w/Downloads/i-cube_lrwan/STM32CubeExpansion_LRWAN_V2.1.0/Middlewares/Third_Party/SubGHz_Phy/sx1276/sx1276.c:2076:13:SX1276OnDio2Irq	16	static
/home/l057-5n0w/Downloads/i-cube_lrwan/STM32CubeExpansion_LRWAN_V2.1.0/Middlewares/Third_Party/SubGHz_Phy/sx1276/sx1276.c:2175:13:SX1276OnDio4Irq	0	static
/home/l057-5n0w/Downloads/i-cube_lrwan/STM32CubeExpansion_LRWAN_V2.1.0/Middlewares/Third_Party/SubGHz_Phy/sx1276/sx1276.c:2144:13:SX1276OnDio3Irq	16	static
/home/l057-5n0w/Downloads/i-cube_lrwan/STM32CubeExpansion_LRWAN_V2.1.0/Middlewares/Third_Party/SubGHz_Phy/sx1276/sx1276.c:1377:13:SX1276SetOpMode.part.0	16	static
/home/l057-5n0w/Downloads/i-cube_lrwan/STM32CubeExpansion_LRWAN_V2.1.0/Middlewares/Third_Party/SubGHz_Phy/sx1276/sx1276.c:1051:6:SX1276SetStby	8	static
/home/l057-5n0w/Downloads/i-cube_lrwan/STM32CubeExpansion_LRWAN_V2.1.0/Middlewares/Third_Party/SubGHz_Phy/sx1276/sx1276.c:1061:6:SX1276SetRx	32	static
/home/l057-5n0w/Downloads/i-cube_lrwan/STM32CubeExpansion_LRWAN_V2.1.0/Middlewares/Third_Party/SubGHz_Phy/sx1276/sx1276.c:1292:6:SX1276StartCad	16	static
/home/l057-5n0w/Downloads/i-cube_lrwan/STM32CubeExpansion_LRWAN_V2.1.0/Middlewares/Third_Party/SubGHz_Phy/sx1276/sx1276.c:1345:9:SX1276ReadRssi	8	static
/home/l057-5n0w/Downloads/i-cube_lrwan/STM32CubeExpansion_LRWAN_V2.1.0/Middlewares/Third_Party/SubGHz_Phy/sx1276/sx1276.c:1377:13:SX1276SetOpMode.constprop	8	static
/home/l057-5n0w/Downloads/i-cube_lrwan/STM32CubeExpansion_LRWAN_V2.1.0/Middlewares/Third_Party/SubGHz_Phy/sx1276/sx1276.c:1415:6:SX1276SetModem	8	static
/home/l057-5n0w/Downloads/i-cube_lrwan/STM32CubeExpansion_LRWAN_V2.1.0/Middlewares/Third_Party/SubGHz_Phy/sx1276/sx1276.c:1509:6:SX1276SetMaxPayloadLength	16	static
/home/l057-5n0w/Downloads/i-cube_lrwan/STM32CubeExpansion_LRWAN_V2.1.0/Middlewares/Third_Party/SubGHz_Phy/sx1276/sx1276.c:1527:6:SX1276SetPublicNetwork	8	static
/home/l057-5n0w/Downloads/i-cube_lrwan/STM32CubeExpansion_LRWAN_V2.1.0/Middlewares/Third_Party/SubGHz_Phy/sx1276/sx1276.c:532:6:SX1276SetRxConfig	64	static
/home/l057-5n0w/Downloads/i-cube_lrwan/STM32CubeExpansion_LRWAN_V2.1.0/Middlewares/Third_Party/SubGHz_Phy/sx1276/sx1276.c:1037:6:SX1276SetSleep	8	static
/home/l057-5n0w/Downloads/i-cube_lrwan/STM32CubeExpansion_LRWAN_V2.1.0/Middlewares/Third_Party/SubGHz_Phy/sx1276/sx1276.c:420:6:SX1276IsChannelFree	24	static
/home/l057-5n0w/Downloads/i-cube_lrwan/STM32CubeExpansion_LRWAN_V2.1.0/Middlewares/Third_Party/SubGHz_Phy/sx1276/sx1276.c:456:10:SX1276Random	16	static
/home/l057-5n0w/Downloads/i-cube_lrwan/STM32CubeExpansion_LRWAN_V2.1.0/Middlewares/Third_Party/SubGHz_Phy/sx1276/sx1276.c:702:6:SX1276SetTxConfig	72	static
/home/l057-5n0w/Downloads/i-cube_lrwan/STM32CubeExpansion_LRWAN_V2.1.0/Middlewares/Third_Party/SubGHz_Phy/sx1276/sx1276.c:1325:6:SX1276SetTxContinuousWave	56	static
/home/l057-5n0w/Downloads/i-cube_lrwan/STM32CubeExpansion_LRWAN_V2.1.0/Middlewares/Third_Party/SubGHz_Phy/sx1276/sx1276.c:497:13:RxChainCalibration	16	static
/home/l057-5n0w/Downloads/i-cube_lrwan/STM32CubeExpansion_LRWAN_V2.1.0/Middlewares/Third_Party/SubGHz_Phy/sx1276/sx1276.c:370:10:SX1276Init	24	static
/home/l057-5n0w/Downloads/i-cube_lrwan/STM32CubeExpansion_LRWAN_V2.1.0/Middlewares/Third_Party/SubGHz_Phy/sx1276/sx1276.c:1694:13:SX1276OnTimeoutIrq	16	static
/home/l057-5n0w/Downloads/i-cube_lrwan/STM32CubeExpansion_LRWAN_V2.1.0/Middlewares/Third_Party/SubGHz_Phy/sx1276/sx1276.c:1770:13:SX1276OnDio0Irq	24	static
/home/l057-5n0w/Downloads/i-cube_lrwan/STM32CubeExpansion_LRWAN_V2.1.0/Middlewares/Third_Party/SubGHz_Phy/sx1276/sx1276.c:869:6:SX1276Send	32	static
/home/l057-5n0w/Downloads/i-cube_lrwan/STM32CubeExpansion_LRWAN_V2.1.0/Middlewares/Third_Party/SubGHz_Phy/sx1276/sx1276.c:1957:13:SX1276OnDio1Irq	16	static
